Component: Arm Compiler for Embedded 6.22 Tool: armlink [5ee90200]

==============================================================================

Section Cross References

    i2c.o(.text) refers to i2c.o(.bss.error) for [Anonymous Symbol]
    i2c.o(.text) refers to i2c.o(.bss.dummy) for dummy
    i2c.o(.ARM.exidx) refers to i2c.o(.text) for [Anonymous Symbol]
    lcd1602.o(.text) refers to i2c.o(.text) for I2C_Init
    lcd1602.o(.text) refers to lcd1602.o(.bss.pcf_address) for [Anonymous Symbol]
    lcd1602.o(.text) refers to lcd1602.o(.data.lcd_backlight) for [Anonymous Symbol]
    lcd1602.o(.text) refers to aeabi_sdivfast.o(.text_divfast) for __aeabi_uidiv
    lcd1602.o(.text) refers to lcd1602.o(.data.PL_CH_a_) for PL_CH_a_
    lcd1602.o(.text) refers to lcd1602.o(.data.PL_CH_c_) for PL_CH_c_
    lcd1602.o(.text) refers to lcd1602.o(.data.PL_CH_e_) for PL_CH_e_
    lcd1602.o(.text) refers to lcd1602.o(.data.PL_CH_l_) for PL_CH_l_
    lcd1602.o(.text) refers to lcd1602.o(.data.PL_CH_n_) for PL_CH_n_
    lcd1602.o(.text) refers to lcd1602.o(.data.PL_CH_o_) for PL_CH_o_
    lcd1602.o(.text) refers to lcd1602.o(.data.PL_CH_s_) for PL_CH_s_
    lcd1602.o(.text) refers to lcd1602.o(.data.PL_CH_z_) for PL_CH_z_
    lcd1602.o(.ARM.exidx) refers to lcd1602.o(.text) for [Anonymous Symbol]
    main.o(.text) refers (Special) to _printf_percent.o(.ARM.Collect$$_printf_percent$$00000000) for _printf_percent
    main.o(.text) refers (Special) to _printf_f.o(.ARM.Collect$$_printf_percent$$00000003) for _printf_f
    main.o(.text) refers (Special) to printf1.o(x$fpl$printf1) for _printf_fp_dec
    main.o(.text) refers to aeabi_sdivfast.o(.text_divfast) for __aeabi_uidiv
    main.o(.text) refers to fflti.o(.text) for __aeabi_ui2f
    main.o(.text) refers to f2d.o(.text) for __aeabi_f2d
    main.o(.text) refers to dmul.o(.text) for __aeabi_dmul
    main.o(.text) refers to d2f.o(.text) for __aeabi_d2f
    main.o(.text) refers to main.o(.bss.echo_start) for echo_start
    main.o(.text) refers to main.o(.bss.echo_end) for echo_end
    main.o(.text) refers to main.o(.bss.distance) for distance
    main.o(.text) refers to main.o(.bss.S1_press) for S1_press
    main.o(.text) refers to leds.o(.text) for LED_Init
    main.o(.text) refers to lcd1602.o(.text) for LCD1602_Init
    main.o(.text) refers to klaw.o(.text) for Klaw_Init
    main.o(.text) refers to system_mkl05z4.o(.data.SystemCoreClock) for SystemCoreClock
    main.o(.text) refers to noretval__2sprintf.o(.text) for __2sprintf
    main.o(.text) refers to fcmp.o(i._fleq) for __aeabi_fcmple
    main.o(.text) refers to fcmp.o(i._fls) for __aeabi_fcmplt
    main.o(.ARM.exidx) refers (Special) to _printf_percent.o(.ARM.Collect$$_printf_percent$$00000000) for _printf_percent
    main.o(.ARM.exidx) refers (Special) to _printf_f.o(.ARM.Collect$$_printf_percent$$00000003) for _printf_f
    main.o(.ARM.exidx) refers (Special) to printf1.o(x$fpl$printf1) for _printf_fp_dec
    main.o(.ARM.exidx) refers to main.o(.text) for [Anonymous Symbol]
    main.o(.bss.S1_press) refers (Special) to _printf_percent.o(.ARM.Collect$$_printf_percent$$00000000) for _printf_percent
    main.o(.bss.S1_press) refers (Special) to _printf_f.o(.ARM.Collect$$_printf_percent$$00000003) for _printf_f
    main.o(.bss.S1_press) refers (Special) to printf1.o(x$fpl$printf1) for _printf_fp_dec
    main.o(.bss.echo_start) refers (Special) to _printf_percent.o(.ARM.Collect$$_printf_percent$$00000000) for _printf_percent
    main.o(.bss.echo_start) refers (Special) to _printf_f.o(.ARM.Collect$$_printf_percent$$00000003) for _printf_f
    main.o(.bss.echo_start) refers (Special) to printf1.o(x$fpl$printf1) for _printf_fp_dec
    main.o(.bss.echo_end) refers (Special) to _printf_percent.o(.ARM.Collect$$_printf_percent$$00000000) for _printf_percent
    main.o(.bss.echo_end) refers (Special) to _printf_f.o(.ARM.Collect$$_printf_percent$$00000003) for _printf_f
    main.o(.bss.echo_end) refers (Special) to printf1.o(x$fpl$printf1) for _printf_fp_dec
    main.o(.bss.distance) refers (Special) to _printf_percent.o(.ARM.Collect$$_printf_percent$$00000000) for _printf_percent
    main.o(.bss.distance) refers (Special) to _printf_f.o(.ARM.Collect$$_printf_percent$$00000003) for _printf_f
    main.o(.bss.distance) refers (Special) to printf1.o(x$fpl$printf1) for _printf_fp_dec
    main.o(.ARM.use_no_argv) refers (Special) to _printf_percent.o(.ARM.Collect$$_printf_percent$$00000000) for _printf_percent
    main.o(.ARM.use_no_argv) refers (Special) to _printf_f.o(.ARM.Collect$$_printf_percent$$00000003) for _printf_f
    main.o(.ARM.use_no_argv) refers (Special) to printf1.o(x$fpl$printf1) for _printf_fp_dec
    tpm.o(.ARM.exidx) refers to tpm.o(.text) for [Anonymous Symbol]
    leds.o(.ARM.exidx) refers to leds.o(.text) for [Anonymous Symbol]
    klaw.o(.ARM.exidx) refers to klaw.o(.text) for [Anonymous Symbol]
[...]
    libinit.o(.ARM.Collect$$libinit$$00000000) refers (Special) to libinit2.o(.ARM.Collect$$libinit$$00000017) for __rt_lib_init_lc_monetary_1
    libinit.o(.ARM.Collect$$libinit$$00000000) refers (Special) to libinit2.o(.ARM.Collect$$libinit$$00000019) for __rt_lib_init_lc_numeric_1
    libinit.o(.ARM.Collect$$libinit$$00000000) refers (Special) to libinit2.o(.ARM.Collect$$libinit$$0000001B) for __rt_lib_init_lc_time_1
    libinit.o(.ARM.Collect$$libinit$$00000000) refers (Special) to libinit2.o(.ARM.Collect$$libinit$$00000006) for __rt_lib_init_preinit_1
    libinit.o(.ARM.Collect$$libinit$$00000000) refers (Special) to libinit2.o(.ARM.Collect$$libinit$$00000010) for __rt_lib_init_rand_1
    libinit.o(.ARM.Collect$$libinit$$00000000) refers (Special) to libinit2.o(.ARM.Collect$$libinit$$00000004) for __rt_lib_init_relocate_pie_1
    libinit.o(.ARM.Collect$$libinit$$00000000) refers (Special) to libinit2.o(.ARM.Collect$$libinit$$00000035) for __rt_lib_init_return
    libinit.o(.ARM.Collect$$libinit$$00000000) refers (Special) to libinit2.o(.ARM.Collect$$libinit$$0000001F) for __rt_lib_init_signal_1
    libinit.o(.ARM.Collect$$libinit$$00000000) refers (Special) to libinit2.o(.ARM.Collect$$libinit$$00000027) for __rt_lib_init_stdio_1
    libinit.o(.ARM.Collect$$libinit$$00000000) refers (Special) to libinit2.o(.ARM.Collect$$libinit$$0000000E) for __rt_lib_init_user_alloc_1
    libinit2.o(.ARM.Collect$$libinit$$00000011) refers (Weak) to rt_locale_intlibspace.o(.text) for __rt_locale
    libinit2.o(.ARM.Collect$$libinit$$00000012) refers to libinit2.o(.ARM.Collect$$libinit$$00000011) for .ARM.Collect$$libinit$$00000011
    libinit2.o(.ARM.Collect$$libinit$$00000014) refers to libinit2.o(.ARM.Collect$$libinit$$00000011) for .ARM.Collect$$libinit$$00000011
    libinit2.o(.ARM.Collect$$libinit$$00000016) refers to libinit2.o(.ARM.Collect$$libinit$$00000011) for .ARM.Collect$$libinit$$00000011
    libinit2.o(.ARM.Collect$$libinit$$00000018) refers to libinit2.o(.ARM.Collect$$libinit$$00000011) for .ARM.Collect$$libinit$$00000011
    libinit2.o(.ARM.Collect$$libinit$$00000018) refers (Weak) to lc_numeric_c.o(locale$$code) for _get_lc_numeric
    libinit2.o(.ARM.Collect$$libinit$$0000001A) refers to libinit2.o(.ARM.Collect$$libinit$$00000011) for .ARM.Collect$$libinit$$00000011
    libinit2.o(.ARM.Collect$$libinit$$00000028) refers to argv_veneer.o(.text) for __ARM_argv_veneer
    libinit2.o(.ARM.Collect$$libinit$$00000029) refers to argv_veneer.o(.text) for __ARM_argv_veneer
    cmpret.o(.text) refers (Special) to usenofp.o(x$fpl$usenofp) for __I$use$fp
    fnan2.o(.text) refers (Special) to usenofp.o(x$fpl$usenofp) for __I$use$fp
    fnan2.o(.text) refers to retnan.o(.text) for __fpl_return_NaN
    rtexit.o(.ARM.Collect$$rtexit$$00000000) refers (Special) to rtexit2.o(.ARM.Collect$$rtexit$$00000004) for __rt_exit_exit
    rtexit.o(.ARM.Collect$$rtexit$$00000000) refers (Special) to rtexit2.o(.ARM.Collect$$rtexit$$00000003) for __rt_exit_ls
    rtexit.o(.ARM.Collect$$rtexit$$00000000) refers (Special) to rtexit2.o(.ARM.Collect$$rtexit$$00000002) for __rt_exit_prels_1
    rtexit.o(.ARM.exidx) refers (Special) to rtexit2.o(.ARM.Collect$$rtexit$$00000004) for __rt_exit_exit
    rtexit.o(.ARM.exidx) refers (Special) to rtexit2.o(.ARM.Collect$$rtexit$$00000003) for __rt_exit_ls
    rtexit.o(.ARM.exidx) refers (Special) to rtexit2.o(.ARM.Collect$$rtexit$$00000002) for __rt_exit_prels_1
    rtexit.o(.ARM.exidx) refers to rtexit.o(.ARM.Collect$$rtexit$$00000000) for .ARM.Collect$$rtexit$$00000000
    rt_raise.o(.text) refers to __raise.o(.text) for __raise
    rt_raise.o(.text) refers to sys_exit.o(.text) for _sys_exit
    defsig_exit.o(.text) refers to sys_exit.o(.text) for _sys_exit
    defsig_fpe_inner.o(.text) refers to defsig_general.o(.text) for __default_signal_display
    retnan.o(.text) refers (Special) to usenofp.o(x$fpl$usenofp) for __I$use$fp
    retnan.o(.text) refers to cmpret.o(.text) for __fpl_cmpreturn
    sys_exit.o(.text) refers (Special) to use_no_semi.o(.text) for __I$use$semihosting
    sys_exit.o(.text) refers (Special) to indicate_semi.o(.text) for __semihosting_library_function
    sys_exit_hlt.o(.text) refers (Special) to use_no_semi.o(.text) for __I$use$semihosting
    sys_exit_hlt.o(.text) refers (Special) to indicate_semi.o(.text) for __semihosting_library_function
    rtexit2.o(.ARM.Collect$$rtexit$$00000003) refers to libshutdown.o(.ARM.Collect$$libshutdown$$00000000) for __rt_lib_shutdown
    rtexit2.o(.ARM.Collect$$rtexit$$00000004) refers to sys_exit.o(.text) for _sys_exit
    rtexit2.o(.ARM.exidx) refers to rtexit2.o(.ARM.Collect$$rtexit$$00000001) for .ARM.Collect$$rtexit$$00000001
    rtexit2.o(.ARM.exidx) refers to rtexit2.o(.ARM.Collect$$rtexit$$00000003) for .ARM.Collect$$rtexit$$00000003
    rtexit2.o(.ARM.exidx) refers to rtexit2.o(.ARM.Collect$$rtexit$$00000004) for .ARM.Collect$$rtexit$$00000004
    __raise.o(.text) refers to defsig.o(CL$$defsig) for __default_signal_handler
    defsig_general.o(.text) refers to sys_wrch.o(.text) for _ttywrch
    _get_argv_nomalloc.o(.text) refers (Special) to hrguard.o(.text) for __heap_region$guard
    _get_argv_nomalloc.o(.text) refers to defsig_rtmem_outer.o(.text) for __rt_SIGRTMEM
    _get_argv_nomalloc.o(.text) refers to sys_command.o(.text) for _sys_command_string
    sys_wrch.o(.text) refers (Special) to use_no_semi.o(.text) for __I$use$semihosting
    sys_wrch.o(.text) refers (Special) to indicate_semi.o(.text) for __semihosting_library_function
    sys_command.o(.text) refers (Special) to use_no_semi.o(.text) for __I$use$semihosting
    sys_command.o(.text) refers (Special) to indicate_semi.o(.text) for __semihosting_library_function
    sys_wrch_hlt.o(.text) refers (Special) to use_no_semi.o(.text) for __I$use$semihosting
    sys_wrch_hlt.o(.text) refers (Special) to indicate_semi.o(.text) for __semihosting_library_function
    sys_command_hlt.o(.text) refers (Special) to use_no_semi.o(.text) for __I$use$semihosting
    sys_command_hlt.o(.text) refers (Special) to indicate_semi.o(.text) for __semihosting_library_function
    defsig_rtmem_outer.o(.text) refers to defsig_rtmem_inner.o(.text) for __rt_SIGRTMEM_inner
    defsig_rtmem_outer.o(.text) refers to defsig_exit.o(.text) for __sig_exit
    defsig_rtmem_formal.o(.text) refers to rt_raise.o(.text) for __rt_raise
    defsig.o(CL$$defsig) refers to defsig_fpe_inner.o(.text) for __rt_SIGFPE_inner
    defsig.o(CL$$defsig) refers to defsig_rtmem_inner.o(.text) for __rt_SIGRTMEM_inner
    libshutdown.o(.ARM.Collect$$libshutdown$$00000000) refers (Special) to libshutdown2.o(.ARM.Collect$$libshutdown$$00000002) for __rt_lib_shutdown_cpp_1
    libshutdown.o(.ARM.Collect$$libshutdown$$00000000) refers (Special) to libshutdown2.o(.ARM.Collect$$libshutdown$$00000007) for __rt_lib_shutdown_fp_trap_1
    libshutdown.o(.ARM.Collect$$libshutdown$$00000000) refers (Special) to libshutdown2.o(.ARM.Collect$$libshutdown$$0000000F) for __rt_lib_shutdown_heap_1
    libshutdown.o(.ARM.Collect$$libshutdown$$00000000) refers (Special) to libshutdown2.o(.ARM.Collect$$libshutdown$$00000010) for __rt_lib_shutdown_return
    libshutdown.o(.ARM.Collect$$libshutdown$$00000000) refers (Special) to libshutdown2.o(.ARM.Collect$$libshutdown$$0000000A) for __rt_lib_shutdown_signal_1
    libshutdown.o(.ARM.Collect$$libshutdown$$00000000) refers (Special) to libshutdown2.o(.ARM.Collect$$libshutdown$$00000004) for __rt_lib_shutdown_stdio_1
    libshutdown.o(.ARM.Collect$$libshutdown$$00000000) refers (Special) to libshutdown2.o(.ARM.Collect$$libshutdown$$0000000C) for __rt_lib_shutdown_user_alloc_1
    defsig_abrt_inner.o(.text) refers to defsig_general.o(.text) for __default_signal_display
    defsig_rtred_inner.o(.text) refers to defsig_general.o(.text) for __default_signal_display
    defsig_rtmem_inner.o(.text) refers to defsig_general.o(.text) for __default_signal_display
    defsig_stak_inner.o(.text) refers to defsig_general.o(.text) for __default_signal_display
    defsig_pvfn_inner.o(.text) refers to defsig_general.o(.text) for __default_signal_display
    defsig_cppl_inner.o(.text) refers to defsig_general.o(.text) for __default_signal_display
    defsig_segv_inner.o(.text) refers to defsig_general.o(.text) for __default_signal_display
    defsig_other.o(.text) refers to defsig_general.o(.text) for __default_signal_display


==============================================================================

Removing Unused input sections from the image.

    Removing i2c.o(.ARM.exidx), (160 bytes).
    Removing lcd1602.o(.ARM.exidx), (136 bytes).
    Removing lcd1602.o(.data.PL_CH_z__), (8 bytes).
    Removing main.o(.ARM.exidx), (80 bytes).
    Removing main.o(.ARM.use_no_argv), (4 bytes).
    Removing tpm.o(.text), (88 bytes).
    Removing tpm.o(.ARM.exidx), (8 bytes).
    Removing leds.o(.ARM.exidx), (8 bytes).
    Removing klaw.o(.ARM.exidx), (16 bytes).
    Removing system_mkl05z4.o(.ARM.exidx), (16 bytes).

10 unused section(s) (total 524 bytes) removed from the image.

==============================================================================

Image Symbol Table

    Local Symbols

    Symbol Name                              Value     Ov Type        Size  Object(Section)

    ../clib/angel/boardlib.s                 0x00000000   Number         0  boardinit1.o ABSOLUTE
    ../clib/angel/boardlib.s                 0x00000000   Number         0  boardinit2.o ABSOLUTE
    ../clib/angel/boardlib.s                 0x00000000   Number         0  boardinit3.o ABSOLUTE
    ../clib/angel/boardlib.s                 0x00000000   Number         0  boardshut.o ABSOLUTE
    ../clib/angel/handlers.s                 0x00000000   Number         0  __scatter_copy.o ABSOLUTE
    ../clib/angel/handlers.s                 0x00000000   Number         0  __scatter_zi.o ABSOLUTE
    ../clib/angel/kernel.s                   0x00000000   Number         0  __rtentry.o ABSOLUTE
    ../clib/angel/kernel.s                   0x00000000   Number         0  __rtentry2.o ABSOLUTE
    ../clib/angel/kernel.s                   0x00000000   Number         0  __rtentry4.o ABSOLUTE
    ../clib/angel/kernel.s                   0x00000000   Number         0  rtexit.o ABSOLUTE
    ../clib/angel/kernel.s                   0x00000000   Number         0  rtexit2.o ABSOLUTE
    ../clib/angel/rt.s                       0x00000000   Number         0  aeabi_idiv0.o ABSOLUTE
    ../clib/angel/rt.s                       0x00000000   Number         0  aeabi_idiv0_sigfpe.o ABSOLUTE
    ../clib/angel/rt.s                       0x00000000   Number         0  rt_div0.o ABSOLUTE
    ../clib/angel/rt.s                       0x00000000   Number         0  rt_locale.o ABSOLUTE
    ../clib/angel/rt.s                       0x00000000   Number         0  rt_locale_intlibspace.o ABSOLUTE
    ../clib/angel/rt.s                       0x00000000   Number         0  rt_raise.o ABSOLUTE
    ../clib/angel/scatterp.s                 0x00000000   Number         0  __scatter.o ABSOLUTE
    ../clib/angel/startup.s                  0x00000000   Number         0  __main.o ABSOLUTE
    ../clib/angel/sys.s                      0x00000000   Number         0  libspace.o ABSOLUTE
    ../clib/angel/sys.s                      0x00000000   Number         0  sys_stackheap_outer.o ABSOLUTE
    ../clib/angel/sys.s                      0x00000000   Number         0  tempstk.o ABSOLUTE
    ../clib/angel/sys.s                      0x00000000   Number         0  use_no_semi.o ABSOLUTE
    ../clib/angel/sys.s                      0x00000000   Number         0  indicate_semi.o ABSOLUTE
    ../clib/angel/sysapp.c                   0x00000000   Number         0  sys_exit.o ABSOLUTE
    ../clib/angel/sysapp.c                   0x00000000   Number         0  sys_exit_hlt.o ABSOLUTE
    ../clib/angel/sysapp.c                   0x00000000   Number         0  sys_wrch.o ABSOLUTE
    ../clib/angel/sysapp.c                   0x00000000   Number         0  sys_command.o ABSOLUTE
    ../clib/angel/sysapp.c                   0x00000000   Number         0  sys_wrch_hlt.o ABSOLUTE
    ../clib/angel/sysapp.c                   0x00000000   Number         0  sys_command_hlt.o ABSOLUTE
    ../clib/armsys.c                         0x00000000   Number         0  argv_veneer.o ABSOLUTE
    ../clib/armsys.c                         0x00000000   Number         0  _get_argv_nomalloc.o ABSOLUTE
    ../clib/armsys.c                         0x00000000   Number         0  no_argv.o ABSOLUTE
    ../clib/bigflt.c                         0x00000000   Number         0  bigflt0.o ABSOLUTE
    ../clib/btod.c                           0x00000000   Number         0  btod.o ABSOLUTE
    ../clib/btod_accurate.c                  0x00000000   Number         0  btod_accurate.o ABSOLUTE
    ../clib/btod_accurate.c                  0x00000000   Number         0  btod_accurate_common.o ABSOLUTE
    ../clib/division.c                       0x00000000   Number         0  lludiv10.o ABSOLUTE
    ../clib/division.c                       0x00000000   Number         0  rtudiv10.o ABSOLUTE
    ../clib/division.s                       0x00000000   Number         0  aeabi_sdivfast.o ABSOLUTE
    ../clib/division.s                       0x00000000   Number         0  aeabi_sdivfast_div0.o ABSOLUTE
    ../clib/heapalloc.c                      0x00000000   Number         0  hrguard.o ABSOLUTE
    ../clib/heapaux.c                        0x00000000   Number         0  heapauxi.o ABSOLUTE
    ../clib/libinit.s                        0x00000000   Number         0  libinit.o ABSOLUTE
    ../clib/libinit.s                        0x00000000   Number         0  libinit2.o ABSOLUTE
    ../clib/libinit.s                        0x00000000   Number         0  libshutdown.o ABSOLUTE
    ../clib/libinit.s                        0x00000000   Number         0  libshutdown2.o ABSOLUTE
    ../clib/locale.s                         0x00000000   Number         0  lc_numeric_c.o ABSOLUTE
    ../clib/longlong.c                       0x00000000   Number         0  llushr.o ABSOLUTE
    ../clib/memcpset.s                       0x00000000   Number         0  strcmpv6m.o ABSOLUTE
    ../clib/misc.s                           0x00000000   Number         0  printf_stubs.o ABSOLUTE
    ../clib/printf.c                         0x00000000   Number         0  __2sprintf.o ABSOLUTE
    ../clib/printf.c                         0x00000000   Number         0  noretval__2sprintf.o ABSOLUTE
    ../clib/printf.c                         0x00000000   Number         0  __printf.o ABSOLUTE
    ../clib/printf.c                         0x00000000   Number         0  __printf_flags.o ABSOLUTE
    ../clib/printf.c                         0x00000000   Number         0  __printf_ss.o ABSOLUTE
    ../clib/printf.c                         0x00000000   Number         0  __printf_flags_ss.o ABSOLUTE
    ../clib/printf.c                         0x00000000   Number         0  __printf_wp.o ABSOLUTE
    ../clib/printf.c                         0x00000000   Number         0  __printf_flags_wp.o ABSOLUTE
    ../clib/printf.c                         0x00000000   Number         0  __printf_ss_wp.o ABSOLUTE
    ../clib/printf.c                         0x00000000   Number         0  __printf_flags_ss_wp.o ABSOLUTE
    ../clib/printf.c                         0x00000000   Number         0  _printf_fp_dec.o ABSOLUTE
    ../clib/printf.c                         0x00000000   Number         0  _printf_fp_dec_accurate.o ABSOLUTE
    ../clib/printf.c                         0x00000000   Number         0  _printf_char_common.o ABSOLUTE
    ../clib/printf.c                         0x00000000   Number         0  _sputc.o ABSOLUTE
    ../clib/printf.c                         0x00000000   Number         0  _printf_fp_infnan.o ABSOLUTE
    ../clib/printf.c                         0x00000000   Number         0  __printf_nopercent.o ABSOLUTE
    ../clib/printf_percent.s                 0x00000000   Number         0  _printf_f.o ABSOLUTE
    ../clib/printf_percent.s                 0x00000000   Number         0  _printf_percent.o ABSOLUTE
    ../clib/printf_percent.s                 0x00000000   Number         0  _printf_percent_end.o ABSOLUTE
    ../clib/signal.c                         0x00000000   Number         0  defsig_fpe_outer.o ABSOLUTE
    ../clib/signal.c                         0x00000000   Number         0  defsig_fpe_formal.o ABSOLUTE
    ../clib/signal.c                         0x00000000   Number         0  defsig_exit.o ABSOLUTE
    ../clib/signal.c                         0x00000000   Number         0  defsig_fpe_inner.o ABSOLUTE
    ../clib/signal.c                         0x00000000   Number         0  __raise.o ABSOLUTE
    ../clib/signal.c                         0x00000000   Number         0  defsig_general.o ABSOLUTE
    ../clib/signal.c                         0x00000000   Number         0  defsig_rtmem_outer.o ABSOLUTE
    ../clib/signal.c                         0x00000000   Number         0  defsig_rtmem_formal.o ABSOLUTE
    ../clib/signal.c                         0x00000000   Number         0  defsig_abrt_inner.o ABSOLUTE
    ../clib/signal.c                         0x00000000   Number         0  defsig_rtred_inner.o ABSOLUTE
    ../clib/signal.c                         0x00000000   Number         0  defsig_rtmem_inner.o ABSOLUTE
    ../clib/signal.c                         0x00000000   Number         0  defsig_stak_inner.o ABSOLUTE
    ../clib/signal.c                         0x00000000   Number         0  defsig_pvfn_inner.o ABSOLUTE
    ../clib/signal.c                         0x00000000   Number         0  defsig_cppl_inner.o ABSOLUTE
    ../clib/signal.c                         0x00000000   Number         0  defsig_segv_inner.o ABSOLUTE
    ../clib/signal.c                         0x00000000   Number         0  defsig_other.o ABSOLUTE
    ../clib/signal.s                         0x00000000   Number         0  defsig.o ABSOLUTE
    ../clib/stdlib.c                         0x00000000   Number         0  exit.o ABSOLUTE
    ../fplib/cfplib/cmp.c                    0x00000000   Number         0  fcmp.o ABSOLUTE
    ../fplib/cfplib/cmpret.c                 0x00000000   Number         0  cmpret.o ABSOLUTE
    ../fplib/cfplib/d2f.c                    0x00000000   Number         0  d2f.o ABSOLUTE
    ../fplib/cfplib/dmul.c                   0x00000000   Number         0  dmul.o ABSOLUTE
    ../fplib/cfplib/f2d.c                    0x00000000   Number         0  f2d.o ABSOLUTE
    ../fplib/cfplib/fcmpin.c                 0x00000000   Number         0  fcmpin.o ABSOLUTE
    ../fplib/cfplib/fflt.c                   0x00000000   Number         0  fflti.o ABSOLUTE
    ../fplib/cfplib/fpinit.c                 0x00000000   Number         0  fpinit.o ABSOLUTE
    ../fplib/cfplib/ieee_status.c            0x00000000   Number         0  ieee_status.o ABSOLUTE
    ../fplib/cfplib/nan2.c                   0x00000000   Number         0  fnan2.o ABSOLUTE
    ../fplib/cfplib/retnan.c                 0x00000000   Number         0  retnan.o ABSOLUTE
    ../fplib/feqf6m.s                        0x00000000   Number         0  feqf.o ABSOLUTE
    ../fplib/fgeqf6m.s                       0x00000000   Number         0  fgef.o ABSOLUTE
    ../fplib/fleqf6m.s                       0x00000000   Number         0  flef.o ABSOLUTE
    ../fplib/printf1.s                       0x00000000   Number         0  printf1.o ABSOLUTE
    ../fplib/usenofp.s                       0x00000000   Number         0  usenofp.o ABSOLUTE
    ../mathlib/fpclassify.c                  0x00000000   Number         0  fpclassify.o ABSOLUTE
    RTE/Device/MKL05Z32xxx4/startup_MKL05Z4.s 0x00000000   Number         0  startup_mkl05z4.o ABSOLUTE
    TPM.c                                    0x00000000   Number         0  tpm.o ABSOLUTE
    dc.s                                     0x00000000   Number         0  dc.o ABSOLUTE
    i2c.c                                    0x00000000   Number         0  i2c.o ABSOLUTE
    klaw.c                                   0x00000000   Number         0  klaw.o ABSOLUTE
    lcd1602.c                                0x00000000   Number         0  lcd1602.o ABSOLUTE
    leds.c                                   0x00000000   Number         0  leds.o ABSOLUTE
    main.c                                   0x00000000   Number         0  main.o ABSOLUTE
    system_MKL05Z4.c                         0x00000000   Number         0  system_mkl05z4.o ABSOLUTE
    RESET                                    0x00000000   Section      192  startup_mkl05z4.o(RESET)
    !!!main                                  0x000000c0   Section        8  __main.o(!!!main)
    !!!scatter                               0x000000c8   Section       84  __scatter.o(!!!scatter)
    !!handler_copy                           0x0000011c   Section       26  __scatter_copy.o(!!handler_copy)
    !!handler_null                           0x00000138   Section        2  __scatter.o(!!handler_null)
    !!handler_zi                             0x0000013c   Section       28  __scatter_zi.o(!!handler_zi)
    .ARM.Collect$$_printf_percent$$00000000  0x00000158   Section        2  _printf_percent.o(.ARM.Collect$$_printf_percent$$00000000)
    .ARM.Collect$$_printf_percent$$00000003  0x0000015a   Section       10  _printf_f.o(.ARM.Collect$$_printf_percent$$00000003)
    .ARM.Collect$$_printf_percent$$00000017  0x00000164   Section        4  _printf_percent_end.o(.ARM.Collect$$_printf_percent$$00000017)
    .ARM.Collect$$libinit$$00000000          0x00000168   Section        2  libinit.o(.ARM.Collect$$libinit$$00000000)
    .ARM.Collect$$libinit$$00000002          0x0000016a   Section        0  libinit2.o(.ARM.Collect$$libinit$$00000002)
    .ARM.Collect$$libinit$$00000004          0x0000016a   Section        0  libinit2.o(.ARM.Collect$$libinit$$00000004)
    .ARM.Collect$$libinit$$00000006          0x0000016a   Section        0  libinit2.o(.ARM.Collect$$libinit$$00000006)
    .ARM.Collect$$libinit$$0000000C          0x0000016a   Section        0  libinit2.o(.ARM.Collect$$libinit$$0000000C)
    .ARM.Collect$$libinit$$0000000E          0x0000016a   Section        0  libinit2.o(.ARM.Collect$$libinit$$0000000E)
    .ARM.Collect$$libinit$$00000010          0x0000016a   Section        0  libinit2.o(.ARM.Collect$$libinit$$00000010)
    .ARM.Collect$$libinit$$00000011          0x0000016a   Section        6  libinit2.o(.ARM.Collect$$libinit$$00000011)
    .ARM.Collect$$libinit$$00000013          0x00000170   Section        0  libinit2.o(.ARM.Collect$$libinit$$00000013)
    .ARM.Collect$$libinit$$00000015          0x00000170   Section        0  libinit2.o(.ARM.Collect$$libinit$$00000015)
    .ARM.Collect$$libinit$$00000017          0x00000170   Section        0  libinit2.o(.ARM.Collect$$libinit$$00000017)
    .ARM.Collect$$libinit$$00000018          0x00000170   Section       10  libinit2.o(.ARM.Collect$$libinit$$00000018)
    .ARM.Collect$$libinit$$00000019          0x0000017a   Section        0  libinit2.o(.ARM.Collect$$libinit$$00000019)
    .ARM.Collect$$libinit$$0000001B          0x0000017a   Section        0  libinit2.o(.ARM.Collect$$libinit$$0000001B)
    .ARM.Collect$$libinit$$0000001D          0x0000017a   Section        0  libinit2.o(.ARM.Collect$$libinit$$0000001D)
    .ARM.Collect$$libinit$$0000001F          0x0000017a   Section        0  libinit2.o(.ARM.Collect$$libinit$$0000001F)
    .ARM.Collect$$libinit$$00000021          0x0000017a   Section        0  libinit2.o(.ARM.Collect$$libinit$$00000021)
    .ARM.Collect$$libinit$$00000023          0x0000017a   Section        0  libinit2.o(.ARM.Collect$$libinit$$00000023)
    .ARM.Collect$$libinit$$00000025          0x0000017a   Section        0  libinit2.o(.ARM.Collect$$libinit$$00000025)
    .ARM.Collect$$libinit$$00000027          0x0000017a   Section        0  libinit2.o(.ARM.Collect$$libinit$$00000027)
    .ARM.Collect$$libinit$$0000002E          0x0000017a   Section        0  libinit2.o(.ARM.Collect$$libinit$$0000002E)
    .ARM.Collect$$libinit$$00000030          0x0000017a   Section        0  libinit2.o(.ARM.Collect$$libinit$$00000030)
    .ARM.Collect$$libinit$$00000032          0x0000017a   Section        0  libinit2.o(.ARM.Collect$$libinit$$00000032)
    .ARM.Collect$$libinit$$00000034          0x0000017a   Section        0  libinit2.o(.ARM.Collect$$libinit$$00000034)
    .ARM.Collect$$libinit$$00000035          0x0000017a   Section        2  libinit2.o(.ARM.Collect$$libinit$$00000035)
    .ARM.Collect$$libshutdown$$00000000      0x0000017c   Section        2  libshutdown.o(.ARM.Collect$$libshutdown$$00000000)
    .ARM.Collect$$libshutdown$$00000002      0x0000017e   Section        0  libshutdown2.o(.ARM.Collect$$libshutdown$$00000002)
    .ARM.Collect$$libshutdown$$00000004      0x0000017e   Section        0  libshutdown2.o(.ARM.Collect$$libshutdown$$00000004)
    .ARM.Collect$$libshutdown$$00000007      0x0000017e   Section        0  libshutdown2.o(.ARM.Collect$$libshutdown$$00000007)
    .ARM.Collect$$libshutdown$$0000000A      0x0000017e   Section        0  libshutdown2.o(.ARM.Collect$$libshutdown$$0000000A)
    .ARM.Collect$$libshutdown$$0000000C      0x0000017e   Section        0  libshutdown2.o(.ARM.Collect$$libshutdown$$0000000C)
    .ARM.Collect$$libshutdown$$0000000F      0x0000017e   Section        0  libshutdown2.o(.ARM.Collect$$libshutdown$$0000000F)
    .ARM.Collect$$libshutdown$$00000010      0x0000017e   Section        2  libshutdown2.o(.ARM.Collect$$libshutdown$$00000010)
    .ARM.Collect$$rtentry$$00000000          0x00000180   Section        0  __rtentry.o(.ARM.Collect$$rtentry$$00000000)
    .ARM.Collect$$rtentry$$00000002          0x00000180   Section        0  __rtentry2.o(.ARM.Collect$$rtentry$$00000002)
    .ARM.Collect$$rtentry$$00000004          0x00000180   Section        6  __rtentry4.o(.ARM.Collect$$rtentry$$00000004)
    .ARM.Collect$$rtentry$$00000009          0x00000186   Section        0  __rtentry2.o(.ARM.Collect$$rtentry$$00000009)
    .ARM.Collect$$rtentry$$0000000A          0x00000186   Section        4  __rtentry2.o(.ARM.Collect$$rtentry$$0000000A)
    .ARM.Collect$$rtentry$$0000000C          0x0000018a   Section        0  __rtentry2.o(.ARM.Collect$$rtentry$$0000000C)
    .ARM.Collect$$rtentry$$0000000D          0x0000018a   Section        8  __rtentry2.o(.ARM.Collect$$rtentry$$0000000D)
    .ARM.Collect$$rtexit$$00000000           0x00000192   Section        2  rtexit.o(.ARM.Collect$$rtexit$$00000000)
    .ARM.Collect$$rtexit$$00000002           0x00000194   Section        0  rtexit2.o(.ARM.Collect$$rtexit$$00000002)
    .ARM.Collect$$rtexit$$00000003           0x00000194   Section        4  rtexit2.o(.ARM.Collect$$rtexit$$00000003)
    .ARM.Collect$$rtexit$$00000004           0x00000198   Section        6  rtexit2.o(.ARM.Collect$$rtexit$$00000004)
    [Anonymous Symbol]                       0x000001a0   Section        0  leds.o(.text)
    __arm_cp.0_1                             0x000001d8   Number         4  leds.o(.text)
    __arm_cp.0_2                             0x000001dc   Number         4  leds.o(.text)
    [Anonymous Symbol]                       0x000001e0   Section        0  klaw.o(.text)
    __arm_cp.0_0                             0x00000224   Number         4  klaw.o(.text)
    __arm_cp.0_1                             0x00000228   Number         4  klaw.o(.text)
    __arm_cp.1_0                             0x00000264   Number         4  klaw.o(.text)
    __arm_cp.1_1                             0x00000268   Number         4  klaw.o(.text)
    __arm_cp.1_2                             0x0000026c   Number         4  klaw.o(.text)
    __arm_cp.1_3                             0x00000270   Number         4  klaw.o(.text)
    .text                                    0x00000274   Section       52  startup_mkl05z4.o(.text)
    [Anonymous Symbol]                       0x000002a8   Section        0  system_mkl05z4.o(.text)
    __arm_cp.0_0                             0x000002e4   Number         4  system_mkl05z4.o(.text)
    __arm_cp.0_1                             0x000002e8   Number         4  system_mkl05z4.o(.text)
    __arm_cp.0_2                             0x000002ec   Number         4  system_mkl05z4.o(.text)
    __arm_cp.0_3                             0x000002f0   Number         4  system_mkl05z4.o(.text)
    __arm_cp.1_0                             0x00000388   Number         4  system_mkl05z4.o(.text)
    __arm_cp.1_1                             0x0000038c   Number         4  system_mkl05z4.o(.text)
    __arm_cp.1_2                             0x00000390   Number         4  system_mkl05z4.o(.text)
    __arm_cp.1_3                             0x00000394   Number         4  system_mkl05z4.o(.text)
    __arm_cp.1_4                             0x00000398   Number         4  system_mkl05z4.o(.text)
    __arm_cp.1_5                             0x0000039c   Number         4  system_mkl05z4.o(.text)
    .text                                    0x000003a0   Section        0  noretval__2sprintf.o(.text)
    .text                                    0x000003c8   Section        0  heapauxi.o(.text)
    .text                                    0x000003ce   Section        0  _sputc.o(.text)
    .text                                    0x000003d8   Section        8  rt_locale_intlibspace.o(.text)
    .text                                    0x000003e0   Section        8  libspace.o(.text)
    .text                                    0x000003e8   Section        0  exit.o(.text)
    .text                                    0x000003f8   Section        2  use_no_semi.o(.text)
    .text                                    0x000003fa   Section        0  indicate_semi.o(.text)
    x$fpl$usenofp                            0x000003fa   Section        0  usenofp.o(x$fpl$usenofp)
    .ARM.__at_0x400                          0x00000400   Section       16  startup_mkl05z4.o(.ARM.__at_0x400)
    [Anonymous Symbol]                       0x00000410   Section        0  i2c.o(.text)
    __arm_cp.0_0                             0x00000450   Number         4  i2c.o(.text)
    __arm_cp.0_1                             0x00000454   Number         4  i2c.o(.text)
    __arm_cp.0_2                             0x00000458   Number         4  i2c.o(.text)
    __arm_cp.1_0                             0x000004d8   Number         4  i2c.o(.text)
    __arm_cp.1_1                             0x000004dc   Number         4  i2c.o(.text)
    __arm_cp.1_2                             0x000004e0   Number         4  i2c.o(.text)
    __arm_cp.2_0                             0x000004f0   Number         4  i2c.o(.text)
    __arm_cp.3_0                             0x00000500   Number         4  i2c.o(.text)
    __arm_cp.4_0                             0x00000510   Number         4  i2c.o(.text)
    __arm_cp.5_0                             0x0000051c   Number         4  i2c.o(.text)
    __arm_cp.6_0                             0x0000056c   Number         4  i2c.o(.text)
    __arm_cp.6_1                             0x00000570   Number         4  i2c.o(.text)
    __arm_cp.6_2                             0x00000574   Number         4  i2c.o(.text)
    __arm_cp.7_0                             0x00000584   Number         4  i2c.o(.text)
    __arm_cp.8_0                             0x00000594   Number         4  i2c.o(.text)
    __arm_cp.9_0                             0x00000650   Number         4  i2c.o(.text)
    __arm_cp.9_1                             0x00000654   Number         4  i2c.o(.text)
    __arm_cp.9_2                             0x00000658   Number         4  i2c.o(.text)
    __arm_cp.10_0                            0x00000730   Number         4  i2c.o(.text)
    __arm_cp.10_1                            0x00000734   Number         4  i2c.o(.text)
    __arm_cp.10_2                            0x00000738   Number         4  i2c.o(.text)
    __arm_cp.10_3                            0x0000073c   Number         4  i2c.o(.text)
    __arm_cp.11_0                            0x0000074c   Number         4  i2c.o(.text)
    __arm_cp.12_0                            0x0000075c   Number         4  i2c.o(.text)
    __arm_cp.13_0                            0x00000768   Number         4  i2c.o(.text)
    __arm_cp.14_0                            0x0000086c   Number         4  i2c.o(.text)
    __arm_cp.14_1                            0x00000870   Number         4  i2c.o(.text)
    __arm_cp.14_2                            0x00000874   Number         4  i2c.o(.text)
    __arm_cp.15_0                            0x000009f4   Number         4  i2c.o(.text)
    __arm_cp.15_1                            0x000009f8   Number         4  i2c.o(.text)
    __arm_cp.15_2                            0x000009fc   Number         4  i2c.o(.text)
    __arm_cp.15_3                            0x00000a00   Number         4  i2c.o(.text)
    __arm_cp.16_0                            0x00000a10   Number         4  i2c.o(.text)
    __arm_cp.17_0                            0x00000a28   Number         4  i2c.o(.text)
    __arm_cp.18_0                            0x00000c80   Number         4  i2c.o(.text)
    __arm_cp.18_1                            0x00000c84   Number         4  i2c.o(.text)
    __arm_cp.18_2                            0x00000c88   Number         4  i2c.o(.text)
    __arm_cp.18_3                            0x00000c8c   Number         4  i2c.o(.text)
    __arm_cp.19_0                            0x00000c9c   Number         4  i2c.o(.text)
    [Anonymous Symbol]                       0x00000ca0   Section        0  lcd1602.o(.text)
    __arm_cp.0_0                             0x00000d08   Number         4  lcd1602.o(.text)
    __arm_cp.0_1                             0x00000d0c   Number         4  lcd1602.o(.text)
    __arm_cp.1_0                             0x00000d38   Number         4  lcd1602.o(.text)
    __arm_cp.2_0                             0x00000ddc   Number         4  lcd1602.o(.text)
    __arm_cp.2_1                             0x00000de0   Number         4  lcd1602.o(.text)
    __arm_cp.11_0                            0x00000fac   Number         4  lcd1602.o(.text)
    __arm_cp.11_1                            0x00000fb0   Number         4  lcd1602.o(.text)
    __arm_cp.12_0                            0x00000fd8   Number         4  lcd1602.o(.text)
    __arm_cp.12_1                            0x00000fdc   Number         4  lcd1602.o(.text)
    __arm_cp.13_0                            0x00001030   Number         4  lcd1602.o(.text)
    __arm_cp.13_1                            0x00001034   Number         4  lcd1602.o(.text)
    __arm_cp.14_0                            0x00001100   Number         4  lcd1602.o(.text)
    __arm_cp.14_1                            0x00001104   Number         4  lcd1602.o(.text)
    __arm_cp.15_0                            0x000011ac   Number         4  lcd1602.o(.text)
    __arm_cp.15_1                            0x000011b0   Number         4  lcd1602.o(.text)
    __arm_cp.15_2                            0x000011b4   Number         4  lcd1602.o(.text)
    __arm_cp.15_3                            0x000011b8   Number         4  lcd1602.o(.text)
    __arm_cp.15_4                            0x000011bc   Number         4  lcd1602.o(.text)
    __arm_cp.15_5                            0x000011c0   Number         4  lcd1602.o(.text)
    __arm_cp.15_6                            0x000011c4   Number         4  lcd1602.o(.text)
    __arm_cp.15_7                            0x000011c8   Number         4  lcd1602.o(.text)
    [Anonymous Symbol]                       0x00001254   Section        0  main.o(.text)
    __arm_cp.0_0                             0x00001270   Number         4  main.o(.text)
    __arm_cp.0_1                             0x00001274   Number         4  main.o(.text)
    __arm_cp.1_0                             0x000012b8   Number         4  main.o(.text)
    __arm_cp.1_1                             0x000012bc   Number         4  main.o(.text)
    __arm_cp.1_2                             0x000012c0   Number         4  main.o(.text)
    __arm_cp.1_3                             0x000012c4   Number         4  main.o(.text)
    __arm_cp.1_4                             0x000012c8   Number         4  main.o(.text)
    __arm_cp.2_0                             0x000012f8   Number         4  main.o(.text)
    __arm_cp.2_1                             0x000012fc   Number         4  main.o(.text)
    __arm_cp.3_0                             0x00001338   Number         4  main.o(.text)
    __arm_cp.3_1                             0x0000133c   Number         4  main.o(.text)
    __arm_cp.3_2                             0x00001340   Number         4  main.o(.text)
    __arm_cp.3_3                             0x00001344   Number         4  main.o(.text)
    __arm_cp.4_0                             0x00001364   Number         4  main.o(.text)
    __arm_cp.4_1                             0x00001368   Number         4  main.o(.text)
    __arm_cp.5_0                             0x00001394   Number         4  main.o(.text)
    __arm_cp.5_1                             0x00001398   Number         4  main.o(.text)
    __arm_cp.5_2                             0x0000139c   Number         4  main.o(.text)
    __arm_cp.5_3                             0x000013a0   Number         4  main.o(.text)
    __arm_cp.5_4                             0x000013a4   Number         4  main.o(.text)
    __arm_cp.6_0                             0x00001400   Number         4  main.o(.text)
    __arm_cp.6_1                             0x00001404   Number         4  main.o(.text)
    __arm_cp.6_2                             0x00001408   Number         4  main.o(.text)
    __arm_cp.6_3                             0x0000140c   Number         4  main.o(.text)
    __arm_cp.6_4                             0x00001410   Number         4  main.o(.text)
    __arm_cp.6_5                             0x00001414   Number         4  main.o(.text)
    __arm_cp.6_6                             0x00001418   Number         4  main.o(.text)
    __arm_cp.6_7                             0x0000141c   Number         4  main.o(.text)
    __arm_cp.6_8                             0x00001420   Number         4  main.o(.text)
    __arm_cp.7_0                             0x00001460   Number         4  main.o(.text)
    __arm_cp.7_1                             0x00001464   Number         4  main.o(.text)
    __arm_cp.7_2                             0x00001468   Number         4  main.o(.text)
    __arm_cp.7_3                             0x0000146c   Number         4  main.o(.text)
    __arm_cp.7_4                             0x00001470   Number         4  main.o(.text)
    __arm_cp.8_0                             0x000014f8   Number         4  main.o(.text)
    __arm_cp.8_1                             0x000014fc   Number         4  main.o(.text)
    __arm_cp.8_2                             0x00001500   Number         4  main.o(.text)
    __arm_cp.8_3                             0x00001504   Number         4  main.o(.text)
    __arm_cp.8_4                             0x00001508   Number         4  main.o(.text)
    __arm_cp.8_5                             0x0000150c   Number         4  main.o(.text)
    __arm_cp.8_6                             0x00001510   Number         4  main.o(.text)
    __arm_cp.8_7                             0x00001514   Number         4  main.o(.text)
    __arm_cp.8_8                             0x00001518   Number         4  main.o(.text)
    __arm_cp.9_0                             0x00001634   Number         4  main.o(.text)
    __arm_cp.9_1                             0x00001638   Number         4  main.o(.text)
    __arm_cp.9_2                             0x0000163c   Number         4  main.o(.text)
    __arm_cp.9_3                             0x00001640   Number         4  main.o(.text)
    __arm_cp.9_4                             0x00001644   Number         4  main.o(.text)
    __arm_cp.9_6                             0x00001658   Number         4  main.o(.text)
    __arm_cp.9_7                             0x0000165c   Number         4  main.o(.text)
    __arm_cp.9_8                             0x00001660   Number         4  main.o(.text)
    __arm_cp.9_9                             0x00001664   Number         4  main.o(.text)
    __arm_cp.9_12                            0x0000168c   Number         4  main.o(.text)
    __arm_cp.9_13                            0x00001690   Number         4  main.o(.text)
    .text                                    0x00001694   Section        0  __printf_wp.o(.text)
    .text                                    0x000017a4   Section      504  aeabi_sdivfast.o(.text)
    .text                                    0x0000199c   Section        0  d2f.o(.text)
    .text                                    0x00001a18   Section        0  dmul.o(.text)
    .text                                    0x00001c60   Section        0  f2d.o(.text)
    .text                                    0x00001cb4   Section        0  fflti.o(.text)
    _fp_digits                               0x00001d15   Thumb Code   412  _printf_fp_dec.o(.text)
    .text                                    0x00001d14   Section        0  _printf_fp_dec.o(.text)
    _printf_input_char                       0x00002129   Thumb Code    10  _printf_char_common.o(.text)
    .text                                    0x00002128   Section        0  _printf_char_common.o(.text)
    .text                                    0x00002158   Section        0  lludiv10.o(.text)
    .text                                    0x000021d4   Section        0  _printf_fp_infnan.o(.text)
    .text                                    0x0000225c   Section        0  bigflt0.o(.text)
    .text                                    0x00002334   Section        0  btod.o(.text)
    btod_internal_mul                        0x00002375   Thumb Code   492  btod.o(.text)
    btod_internal_div                        0x00002561   Thumb Code   520  btod.o(.text)
    .text                                    0x000028b4   Section        0  rtudiv10.o(.text)
    .text                                    0x000028dc   Section        0  fcmpin.o(.text)
    .text                                    0x00002940   Section       62  sys_stackheap_outer.o(.text)
    .text                                    0x00002980   Section      176  strcmpv6m.o(.text)
    .text                                    0x00002a30   Section        0  cmpret.o(.text)
    .text                                    0x00002a60   Section        0  fnan2.o(.text)
    .text                                    0x00002a70   Section        0  retnan.o(.text)
    .text                                    0x00002ad0   Section        0  sys_exit.o(.text)
    .text_divfast                            0x00002adc   Section      502  aeabi_sdivfast.o(.text_divfast)
    i.__ARM_common_ll_muluu                  0x00002cd2   Section        0  btod.o(i.__ARM_common_ll_muluu)
    i.__ARM_fpclassify                       0x00002d04   Section        0  fpclassify.o(i.__ARM_fpclassify)
    i._fleq                                  0x00002d30   Section        0  fcmp.o(i._fleq)
    i._fls                                   0x00002d4a   Section        0  fcmp.o(i._fls)
    i._is_digit                              0x00002d60   Section        0  __printf_wp.o(i._is_digit)
    locale$$code                             0x00002d70   Section       44  lc_numeric_c.o(locale$$code)
    x$fpl$fleqf                              0x00002d9c   Section       84  flef.o(x$fpl$fleqf)
    x$fpl$printf1                            0x00002df0   Section       16  printf1.o(x$fpl$printf1)
    tenpwrs_x                                0x00002e00   Data          60  bigflt0.o(.constdata)
    .constdata                               0x00002e00   Section      148  bigflt0.o(.constdata)
    tenpwrs_i                                0x00002e3c   Data          64  bigflt0.o(.constdata)
    locale$$data                             0x00002eb4   Section       28  lc_numeric_c.o(locale$$data)
    __lcnum_c_name                           0x00002eb8   Data           2  lc_numeric_c.o(locale$$data)
    __lcnum_c_start                          0x00002ec0   Data           0  lc_numeric_c.o(locale$$data)
    __lcnum_c_point                          0x00002ecc   Data           0  lc_numeric_c.o(locale$$data)
    __lcnum_c_thousands                      0x00002ece   Data           0  lc_numeric_c.o(locale$$data)
    __lcnum_c_grouping                       0x00002ecf   Data           0  lc_numeric_c.o(locale$$data)
    __lcnum_c_end                            0x00002ed0   Data           0  lc_numeric_c.o(locale$$data)
    lcd_backlight                            0x1ffffc44   Data           1  lcd1602.o(.data.lcd_backlight)
    [Anonymous Symbol]                       0x1ffffc44   Section        0  lcd1602.o(.data.lcd_backlight)
    .bss                                     0x1ffffc48   Section       96  libspace.o(.bss)
    error                                    0x1ffffcbc   Data           1  i2c.o(.bss.error)
    [Anonymous Symbol]                       0x1ffffcbc   Section        0  i2c.o(.bss.error)
    pcf_address                              0x1ffffcbd   Data           1  lcd1602.o(.bss.pcf_address)
    [Anonymous Symbol]                       0x1ffffcbd   Section        0  lcd1602.o(.bss.pcf_address)
    Heap_Mem                                 0x1ffffcc0   Data           0  startup_mkl05z4.o(HEAP)
    Stack_Mem                                0x1ffffcc0   Data         768  startup_mkl05z4.o(STACK)
    HEAP                                     0x1ffffcc0   Section        0  startup_mkl05z4.o(HEAP)
    STACK                                    0x1ffffcc0   Section      768  startup_mkl05z4.o(STACK)
    __initial_sp                             0x1fffffc0   Data           0  startup_mkl05z4.o(STACK)

    Global Symbols

    Symbol Name                              Value     Ov Type        Size  Object(Section)

    BuildAttributes$$THM_ISAv3M$S$PE$A:L22$X:L11$S22$IEEE1$IW$~IW$USESV6$~STKCKD$USESV7$~SHL$OTIME$ROPI$IEEEJ$EBA8$UX$STANDARDLIB$REQ8$PRES8$EABIv2 0x00000000   Number         0  anon$$obj.o ABSOLUTE
    __Vectors                                0x00000000   Data           4  startup_mkl05z4.o(RESET)
    _printf_flags                            0x00000000   Number         0  printf_stubs.o ABSOLUTE
    _printf_return_value                     0x00000000   Number         0  printf_stubs.o ABSOLUTE
    _printf_sizespec                         0x00000000   Number         0  printf_stubs.o ABSOLUTE
    _printf_widthprec                        0x00000000   Number         0  printf_stubs.o ABSOLUTE
    __ARM_exceptions_init                     - Undefined Weak Reference
    __alloca_initialize                       - Undefined Weak Reference
    __arm_preinit_                            - Undefined Weak Reference
    __arm_relocate_pie_                       - Undefined Weak Reference
    __cpp_initialize__aeabi_                  - Undefined Weak Reference
    __cxa_finalize                            - Undefined Weak Reference
    __sigvec_lookup                           - Undefined Weak Reference
    _atexit_init                              - Undefined Weak Reference
    _call_atexit_fns                          - Undefined Weak Reference
    _clock_init                               - Undefined Weak Reference
    _fp_trap_init                             - Undefined Weak Reference
    _fp_trap_shutdown                         - Undefined Weak Reference
    _get_lc_collate                           - Undefined Weak Reference
    _get_lc_ctype                             - Undefined Weak Reference
    _get_lc_monetary                          - Undefined Weak Reference
    _get_lc_time                              - Undefined Weak Reference
    _getenv_init                              - Undefined Weak Reference
    _handle_redirection                       - Undefined Weak Reference
    _init_alloc                               - Undefined Weak Reference
    _init_user_alloc                          - Undefined Weak Reference
    _initio                                   - Undefined Weak Reference
    _printf_post_padding                      - Undefined Weak Reference
    _printf_pre_padding                       - Undefined Weak Reference
    _rand_init                                - Undefined Weak Reference
    _signal_finish                            - Undefined Weak Reference
    _signal_init                              - Undefined Weak Reference
    _terminate_alloc                          - Undefined Weak Reference
    _terminate_user_alloc                     - Undefined Weak Reference
    _terminateio                              - Undefined Weak Reference
    __Vectors_End                            0x000000c0   Data           0  startup_mkl05z4.o(RESET)
    __Vectors_Size                           0x000000c0   Number         0  startup_mkl05z4.o ABSOLUTE
    __main                                   0x000000c1   Thumb Code     8  __main.o(!!!main)
    __scatterload                            0x000000c9   Thumb Code     0  __scatter.o(!!!scatter)
    __scatterload_rt2                        0x000000c9   Thumb Code    74  __scatter.o(!!!scatter)
    __scatterload_rt2_thumb_only             0x000000c9   Thumb Code     0  __scatter.o(!!!scatter)
    __scatterload_loop                       0x000000d3   Thumb Code     0  __scatter.o(!!!scatter)
    __scatterload_copy                       0x0000011d   Thumb Code    26  __scatter_copy.o(!!handler_copy)
    __scatterload_null                       0x00000139   Thumb Code     2  __scatter.o(!!handler_null)
    __scatterload_zeroinit                   0x0000013d   Thumb Code    28  __scatter_zi.o(!!handler_zi)
    _printf_percent                          0x00000159   Thumb Code     0  _printf_percent.o(.ARM.Collect$$_printf_percent$$00000000)
    _printf_f                                0x0000015b   Thumb Code     0  _printf_f.o(.ARM.Collect$$_printf_percent$$00000003)
    _printf_percent_end                      0x00000165   Thumb Code     0  _printf_percent_end.o(.ARM.Collect$$_printf_percent$$00000017)
    __rt_lib_init                            0x00000169   Thumb Code     0  libinit.o(.ARM.Collect$$libinit$$00000000)
    __rt_lib_init_fp_1                       0x0000016b   Thumb Code     0  libinit2.o(.ARM.Collect$$libinit$$00000002)
    __rt_lib_init_heap_1                     0x0000016b   Thumb Code     0  libinit2.o(.ARM.Collect$$libinit$$0000000C)
    __rt_lib_init_lc_common                  0x0000016b   Thumb Code     0  libinit2.o(.ARM.Collect$$libinit$$00000011)
    __rt_lib_init_preinit_1                  0x0000016b   Thumb Code     0  libinit2.o(.ARM.Collect$$libinit$$00000006)
    __rt_lib_init_rand_1                     0x0000016b   Thumb Code     0  libinit2.o(.ARM.Collect$$libinit$$00000010)
    __rt_lib_init_relocate_pie_1             0x0000016b   Thumb Code     0  libinit2.o(.ARM.Collect$$libinit$$00000004)
    __rt_lib_init_user_alloc_1               0x0000016b   Thumb Code     0  libinit2.o(.ARM.Collect$$libinit$$0000000E)
    __rt_lib_init_lc_collate_1               0x00000171   Thumb Code     0  libinit2.o(.ARM.Collect$$libinit$$00000013)
    __rt_lib_init_lc_ctype_1                 0x00000171   Thumb Code     0  libinit2.o(.ARM.Collect$$libinit$$00000015)
    __rt_lib_init_lc_monetary_1              0x00000171   Thumb Code     0  libinit2.o(.ARM.Collect$$libinit$$00000017)
    __rt_lib_init_lc_numeric_2               0x00000171   Thumb Code     0  libinit2.o(.ARM.Collect$$libinit$$00000018)
    __rt_lib_init_alloca_1                   0x0000017b   Thumb Code     0  libinit2.o(.ARM.Collect$$libinit$$00000030)
    __rt_lib_init_argv_1                     0x0000017b   Thumb Code     0  libinit2.o(.ARM.Collect$$libinit$$0000002E)
    __rt_lib_init_atexit_1                   0x0000017b   Thumb Code     0  libinit2.o(.ARM.Collect$$libinit$$0000001D)
    __rt_lib_init_clock_1                    0x0000017b   Thumb Code     0  libinit2.o(.ARM.Collect$$libinit$$00000023)
    __rt_lib_init_cpp_1                      0x0000017b   Thumb Code     0  libinit2.o(.ARM.Collect$$libinit$$00000034)
    __rt_lib_init_exceptions_1               0x0000017b   Thumb Code     0  libinit2.o(.ARM.Collect$$libinit$$00000032)
    __rt_lib_init_fp_trap_1                  0x0000017b   Thumb Code     0  libinit2.o(.ARM.Collect$$libinit$$00000021)
    __rt_lib_init_getenv_1                   0x0000017b   Thumb Code     0  libinit2.o(.ARM.Collect$$libinit$$00000025)
    __rt_lib_init_lc_numeric_1               0x0000017b   Thumb Code     0  libinit2.o(.ARM.Collect$$libinit$$00000019)
    __rt_lib_init_lc_time_1                  0x0000017b   Thumb Code     0  libinit2.o(.ARM.Collect$$libinit$$0000001B)
    __rt_lib_init_return                     0x0000017b   Thumb Code     0  libinit2.o(.ARM.Collect$$libinit$$00000035)
    __rt_lib_init_signal_1                   0x0000017b   Thumb Code     0  libinit2.o(.ARM.Collect$$libinit$$0000001F)
    __rt_lib_init_stdio_1                    0x0000017b   Thumb Code     0  libinit2.o(.ARM.Collect$$libinit$$00000027)
    __rt_lib_shutdown                        0x0000017d   Thumb Code     0  libshutdown.o(.ARM.Collect$$libshutdown$$00000000)
    __rt_lib_shutdown_cpp_1                  0x0000017f   Thumb Code     0  libshutdown2.o(.ARM.Collect$$libshutdown$$00000002)
    __rt_lib_shutdown_fp_trap_1              0x0000017f   Thumb Code     0  libshutdown2.o(.ARM.Collect$$libshutdown$$00000007)
    __rt_lib_shutdown_heap_1                 0x0000017f   Thumb Code     0  libshutdown2.o(.ARM.Collect$$libshutdown$$0000000F)
    __rt_lib_shutdown_return                 0x0000017f   Thumb Code     0  libshutdown2.o(.ARM.Collect$$libshutdown$$00000010)
    __rt_lib_shutdown_signal_1               0x0000017f   Thumb Code     0  libshutdown2.o(.ARM.Collect$$libshutdown$$0000000A)
    __rt_lib_shutdown_stdio_1                0x0000017f   Thumb Code     0  libshutdown2.o(.ARM.Collect$$libshutdown$$00000004)
    __rt_lib_shutdown_user_alloc_1           0x0000017f   Thumb Code     0  libshutdown2.o(.ARM.Collect$$libshutdown$$0000000C)
    __rt_entry                               0x00000181   Thumb Code     0  __rtentry.o(.ARM.Collect$$rtentry$$00000000)
    __rt_entry_presh_1                       0x00000181   Thumb Code     0  __rtentry2.o(.ARM.Collect$$rtentry$$00000002)
    __rt_entry_sh                            0x00000181   Thumb Code     0  __rtentry4.o(.ARM.Collect$$rtentry$$00000004)
    __rt_entry_li                            0x00000187   Thumb Code     0  __rtentry2.o(.ARM.Collect$$rtentry$$0000000A)
    __rt_entry_postsh_1                      0x00000187   Thumb Code     0  __rtentry2.o(.ARM.Collect$$rtentry$$00000009)
    __rt_entry_main                          0x0000018b   Thumb Code     0  __rtentry2.o(.ARM.Collect$$rtentry$$0000000D)
    __rt_entry_postli_1                      0x0000018b   Thumb Code     0  __rtentry2.o(.ARM.Collect$$rtentry$$0000000C)
    __rt_exit                                0x00000193   Thumb Code     0  rtexit.o(.ARM.Collect$$rtexit$$00000000)
    __rt_exit_ls                             0x00000195   Thumb Code     0  rtexit2.o(.ARM.Collect$$rtexit$$00000003)
    __rt_exit_prels_1                        0x00000195   Thumb Code     0  rtexit2.o(.ARM.Collect$$rtexit$$00000002)
    __rt_exit_exit                           0x00000199   Thumb Code     0  rtexit2.o(.ARM.Collect$$rtexit$$00000004)
    LED_Init                                 0x000001a1   Thumb Code    56  leds.o(.text)
    Klaw_Init                                0x000001e1   Thumb Code    68  klaw.o(.text)
    Klaw_S2_4_Int                            0x0000022d   Thumb Code    56  klaw.o(.text)
    Reset_Handler                            0x00000275   Thumb Code     8  startup_mkl05z4.o(.text)
    NMI_Handler                              0x0000027d   Thumb Code     2  startup_mkl05z4.o(.text)
    HardFault_Handler                        0x0000027f   Thumb Code     2  startup_mkl05z4.o(.text)
    SVC_Handler                              0x00000281   Thumb Code     2  startup_mkl05z4.o(.text)
    PendSV_Handler                           0x00000283   Thumb Code     2  startup_mkl05z4.o(.text)
    SysTick_Handler                          0x00000285   Thumb Code     2  startup_mkl05z4.o(.text)
    ADC0_IRQHandler                          0x00000287   Thumb Code     0  startup_mkl05z4.o(.text)
    CMP0_IRQHandler                          0x00000287   Thumb Code     0  startup_mkl05z4.o(.text)
    DAC0_IRQHandler                          0x00000287   Thumb Code     0  startup_mkl05z4.o(.text)
    DMA0_IRQHandler                          0x00000287   Thumb Code     0  startup_mkl05z4.o(.text)
    DMA1_IRQHandler                          0x00000287   Thumb Code     0  startup_mkl05z4.o(.text)
    DMA2_IRQHandler                          0x00000287   Thumb Code     0  startup_mkl05z4.o(.text)
    DMA3_IRQHandler                          0x00000287   Thumb Code     0  startup_mkl05z4.o(.text)
    DefaultISR                               0x00000287   Thumb Code     0  startup_mkl05z4.o(.text)
    FTFA_IRQHandler                          0x00000287   Thumb Code     0  startup_mkl05z4.o(.text)
    I2C0_IRQHandler                          0x00000287   Thumb Code     0  startup_mkl05z4.o(.text)
    LLW_IRQHandler                           0x00000287   Thumb Code     0  startup_mkl05z4.o(.text)
    LPTimer_IRQHandler                       0x00000287   Thumb Code     0  startup_mkl05z4.o(.text)
    LVD_LVW_IRQHandler                       0x00000287   Thumb Code     0  startup_mkl05z4.o(.text)
    MCG_IRQHandler                           0x00000287   Thumb Code     0  startup_mkl05z4.o(.text)
    PIT_IRQHandler                           0x00000287   Thumb Code     0  startup_mkl05z4.o(.text)
    RTC_IRQHandler                           0x00000287   Thumb Code     0  startup_mkl05z4.o(.text)
    RTC_Seconds_IRQHandler                   0x00000287   Thumb Code     0  startup_mkl05z4.o(.text)
    Reserved20_IRQHandler                    0x00000287   Thumb Code     0  startup_mkl05z4.o(.text)
    Reserved25_IRQHandler                    0x00000287   Thumb Code     0  startup_mkl05z4.o(.text)
    Reserved27_IRQHandler                    0x00000287   Thumb Code     0  startup_mkl05z4.o(.text)
    Reserved29_IRQHandler                    0x00000287   Thumb Code     0  startup_mkl05z4.o(.text)
    Reserved30_IRQHandler                    0x00000287   Thumb Code     0  startup_mkl05z4.o(.text)
    Reserved35_IRQHandler                    0x00000287   Thumb Code     0  startup_mkl05z4.o(.text)
    Reserved39_IRQHandler                    0x00000287   Thumb Code     0  startup_mkl05z4.o(.text)
    Reserved40_IRQHandler                    0x00000287   Thumb Code     0  startup_mkl05z4.o(.text)
    Reserved45_IRQHandler                    0x00000287   Thumb Code     0  startup_mkl05z4.o(.text)
    SPI0_IRQHandler                          0x00000287   Thumb Code     0  startup_mkl05z4.o(.text)
    TPM0_IRQHandler                          0x00000287   Thumb Code     0  startup_mkl05z4.o(.text)
    TPM1_IRQHandler                          0x00000287   Thumb Code     0  startup_mkl05z4.o(.text)
    TSI0_IRQHandler                          0x00000287   Thumb Code     0  startup_mkl05z4.o(.text)
    UART0_IRQHandler                         0x00000287   Thumb Code     0  startup_mkl05z4.o(.text)
    __user_initial_stackheap                 0x00000289   Thumb Code     0  startup_mkl05z4.o(.text)
    SystemInit                               0x000002a9   Thumb Code    60  system_mkl05z4.o(.text)
    SystemCoreClockUpdate                    0x000002f5   Thumb Code   148  system_mkl05z4.o(.text)
    __2sprintf                               0x000003a1   Thumb Code    36  noretval__2sprintf.o(.text)
    __use_two_region_memory                  0x000003c9   Thumb Code     2  heapauxi.o(.text)
    __rt_heap_escrow$2region                 0x000003cb   Thumb Code     2  heapauxi.o(.text)
    __rt_heap_expand$2region                 0x000003cd   Thumb Code     2  heapauxi.o(.text)
    _sputc                                   0x000003cf   Thumb Code    10  _sputc.o(.text)
    __rt_locale                              0x000003d9   Thumb Code     8  rt_locale_intlibspace.o(.text)
    __user_libspace                          0x000003e1   Thumb Code     8  libspace.o(.text)
    __user_perproc_libspace                  0x000003e1   Thumb Code     0  libspace.o(.text)
    __user_perthread_libspace                0x000003e1   Thumb Code     0  libspace.o(.text)
    exit                                     0x000003e9   Thumb Code    16  exit.o(.text)
    __I$use$semihosting                      0x000003f9   Thumb Code     0  use_no_semi.o(.text)
    __use_no_semihosting_swi                 0x000003f9   Thumb Code     2  use_no_semi.o(.text)
    __I$use$fp                               0x000003fa   Number         0  usenofp.o(x$fpl$usenofp)
    __semihosting_library_function           0x000003fb   Thumb Code     0  indicate_semi.o(.text)
    I2C_Init                                 0x00000411   Thumb Code    64  i2c.o(.text)
    I2C_Ping                                 0x0000045d   Thumb Code   124  i2c.o(.text)
    i2c_enable                               0x000004e5   Thumb Code    12  i2c.o(.text)
    i2c_tran                                 0x000004f5   Thumb Code    12  i2c.o(.text)
    i2c_m_start                              0x00000505   Thumb Code    12  i2c.o(.text)
    i2c_send                                 0x00000515   Thumb Code     8  i2c.o(.text)
    i2c_wait                                 0x00000521   Thumb Code    76  i2c.o(.text)
    i2c_m_stop                               0x00000579   Thumb Code    12  i2c.o(.text)
    i2c_disable                              0x00000589   Thumb Code    12  i2c.o(.text)
    I2C_Write                                0x00000599   Thumb Code   184  i2c.o(.text)
    I2C_Read                                 0x0000065d   Thumb Code   212  i2c.o(.text)
    i2c_rec                                  0x00000741   Thumb Code    12  i2c.o(.text)
    i2c_nack                                 0x00000751   Thumb Code    12  i2c.o(.text)
    i2c_recv                                 0x00000761   Thumb Code     8  i2c.o(.text)
    I2C_WriteReg                             0x0000076d   Thumb Code   256  i2c.o(.text)
    I2C_ReadReg                              0x00000879   Thumb Code   380  i2c.o(.text)
    i2c_clr_IICIF                            0x00000a05   Thumb Code    12  i2c.o(.text)
    i2c_m_rstart                             0x00000a15   Thumb Code    20  i2c.o(.text)
    I2C_ReadRegBlock                         0x00000a2d   Thumb Code   596  i2c.o(.text)
    i2c_ack                                  0x00000c91   Thumb Code    12  i2c.o(.text)
    LCD1602_Init                             0x00000ca1   Thumb Code   104  lcd1602.o(.text)
    LCD1602_CheckAddress                     0x00000d11   Thumb Code    40  lcd1602.o(.text)
    LCD1602_Write8                           0x00000d3d   Thumb Code   160  lcd1602.o(.text)
    LCD1602_Blink_On                         0x00000de5   Thumb Code    12  lcd1602.o(.text)
    LCD1602_Blink_Off                        0x00000df1   Thumb Code    12  lcd1602.o(.text)
    LCD1602_Blink_Off_Cursor_On              0x00000dfd   Thumb Code    12  lcd1602.o(.text)
    LCD1602_SetCursor                        0x00000e09   Thumb Code    30  lcd1602.o(.text)
    LCD1602_ClearAll                         0x00000e27   Thumb Code    12  lcd1602.o(.text)
    LCD1602_Print                            0x00000e33   Thumb Code    32  lcd1602.o(.text)
    LCD1602_PrintNum                         0x00000e55   Thumb Code   184  lcd1602.o(.text)
    itoa                                     0x00000f15   Thumb Code   114  lcd1602.o(.text)
    LCD1602_Backlight                        0x00000f89   Thumb Code    36  lcd1602.o(.text)
    PCF8574_Write                            0x00000fb5   Thumb Code    36  lcd1602.o(.text)
    LCD1602_Write4                           0x00000fe1   Thumb Code    80  lcd1602.o(.text)
    LCD1602_BF_AC                            0x00001039   Thumb Code   200  lcd1602.o(.text)
    LCD1602_PL_CH                            0x00001109   Thumb Code   164  lcd1602.o(.text)
    LCD1602_PrintPL                          0x000011cd   Thumb Code   136  lcd1602.o(.text)
    Reset_TPM1                               0x00001255   Thumb Code    28  main.o(.text)
    PWM_Init                                 0x00001279   Thumb Code    64  main.o(.text)
    Servo_SetAngle                           0x000012cd   Thumb Code    44  main.o(.text)
    HC_SR04_Init                             0x00001301   Thumb Code    56  main.o(.text)
    HC_SR04_Trigger                          0x00001349   Thumb Code    28  main.o(.text)
    HC_SR04_CalculateDistance                0x0000136d   Thumb Code    40  main.o(.text)
    PORTB_IRQHandler                         0x000013a9   Thumb Code    88  main.o(.text)
    PORTA_IRQHandler                         0x00001425   Thumb Code    60  main.o(.text)
    System_Init                              0x00001475   Thumb Code   132  main.o(.text)
    main                                     0x0000151d   Thumb Code   280  main.o(.text)
    __printf                                 0x00001695   Thumb Code   270  __printf_wp.o(.text)
    __aeabi_uidivmod                         0x000017a5   Thumb Code    28  aeabi_sdivfast.o(.text)
    __aeabi_idivmod                          0x000017c1   Thumb Code   472  aeabi_sdivfast.o(.text)
    __aeabi_d2f                              0x0000199d   Thumb Code     0  d2f.o(.text)
    __truncdfsf2                             0x0000199d   Thumb Code     0  d2f.o(.text)
    _d2f                                     0x0000199d   Thumb Code   120  d2f.o(.text)
    __aeabi_dmul                             0x00001a19   Thumb Code     0  dmul.o(.text)
    __muldf3                                 0x00001a19   Thumb Code     0  dmul.o(.text)
    _dmul                                    0x00001a19   Thumb Code   558  dmul.o(.text)
    __aeabi_f2d                              0x00001c61   Thumb Code     0  f2d.o(.text)
    __extendsfdf2                            0x00001c61   Thumb Code     0  f2d.o(.text)
    _f2d                                     0x00001c61   Thumb Code    80  f2d.o(.text)
    __aeabi_i2f_normalise                    0x00001cb5   Thumb Code    72  fflti.o(.text)
    __aeabi_i2f                              0x00001cfd   Thumb Code    16  fflti.o(.text)
    _fflt                                    0x00001cfd   Thumb Code     0  fflti.o(.text)
    __aeabi_ui2f                             0x00001d0d   Thumb Code     6  fflti.o(.text)
    _ffltu                                   0x00001d0d   Thumb Code     0  fflti.o(.text)
    _printf_fp_dec_real                      0x00001eb1   Thumb Code   620  _printf_fp_dec.o(.text)
    _printf_char_common                      0x00002133   Thumb Code    32  _printf_char_common.o(.text)
    _ll_udiv10                               0x00002159   Thumb Code   122  lludiv10.o(.text)
    _printf_fp_infnan                        0x000021d5   Thumb Code   120  _printf_fp_infnan.o(.text)
    _btod_etento                             0x0000225d   Thumb Code   210  bigflt0.o(.text)
    _btod_d2e                                0x00002335   Thumb Code    64  btod.o(.text)
    _btod_emul                               0x00002769   Thumb Code    28  btod.o(.text)
    _btod_emuld                              0x00002785   Thumb Code   144  btod.o(.text)
    _btod_ediv                               0x00002815   Thumb Code    26  btod.o(.text)
    _btod_edivd                              0x0000282f   Thumb Code   124  btod.o(.text)
    __rt_udiv10                              0x000028b5   Thumb Code    40  rtudiv10.o(.text)
    __fpl_fcmp_InfNaN                        0x000028dd   Thumb Code    96  fcmpin.o(.text)
    __user_setup_stackheap                   0x00002941   Thumb Code    62  sys_stackheap_outer.o(.text)
    strcmp                                   0x00002981   Thumb Code   176  strcmpv6m.o(.text)
    __fpl_cmpreturn                          0x00002a31   Thumb Code    46  cmpret.o(.text)
    __fpl_fcheck_NaN2                        0x00002a61   Thumb Code    10  fnan2.o(.text)
    __fpl_return_NaN                         0x00002a71   Thumb Code    94  retnan.o(.text)
    _sys_exit                                0x00002ad1   Thumb Code     8  sys_exit.o(.text)
    __aeabi_uidiv                            0x00002add   Thumb Code    68  aeabi_sdivfast.o(.text_divfast)
    __aeabi_idiv                             0x00002b21   Thumb Code   434  aeabi_sdivfast.o(.text_divfast)
    __ARM_common_ll_muluu                    0x00002cd3   Thumb Code    48  btod.o(i.__ARM_common_ll_muluu)
    __ARM_fpclassify                         0x00002d05   Thumb Code    40  fpclassify.o(i.__ARM_fpclassify)
    __aeabi_fcmple                           0x00002d31   Thumb Code     0  fcmp.o(i._fleq)
    _fleq                                    0x00002d31   Thumb Code    26  fcmp.o(i._fleq)
    __aeabi_fcmplt                           0x00002d4b   Thumb Code     0  fcmp.o(i._fls)
    _fls                                     0x00002d4b   Thumb Code    22  fcmp.o(i._fls)
    _is_digit                                0x00002d61   Thumb Code    14  __printf_wp.o(i._is_digit)
    _get_lc_numeric                          0x00002d71   Thumb Code    44  lc_numeric_c.o(locale$$code)
    __aeabi_cfcmple                          0x00002d9d   Thumb Code     0  flef.o(x$fpl$fleqf)
    _fcmple                                  0x00002d9d   Thumb Code    78  flef.o(x$fpl$fleqf)
    _printf_fp_dec                           0x00002df1   Thumb Code    16  printf1.o(x$fpl$printf1)
    Region$$Table$$Base                      0x00002e94   Number         0  anon$$obj.o(Region$$Table)
    Region$$Table$$Limit                     0x00002eb4   Number         0  anon$$obj.o(Region$$Table)
    PL_CH_a_                                 0x1ffffc00   Data           8  lcd1602.o(.data.PL_CH_a_)
    PL_CH_c_                                 0x1ffffc08   Data           8  lcd1602.o(.data.PL_CH_c_)
    PL_CH_e_                                 0x1ffffc10   Data           8  lcd1602.o(.data.PL_CH_e_)
    PL_CH_l_                                 0x1ffffc18   Data           8  lcd1602.o(.data.PL_CH_l_)
    PL_CH_n_                                 0x1ffffc20   Data           8  lcd1602.o(.data.PL_CH_n_)
    PL_CH_o_                                 0x1ffffc28   Data           8  lcd1602.o(.data.PL_CH_o_)
    PL_CH_s_                                 0x1ffffc30   Data           8  lcd1602.o(.data.PL_CH_s_)
    PL_CH_z_                                 0x1ffffc38   Data           8  lcd1602.o(.data.PL_CH_z_)
    SystemCoreClock                          0x1ffffc40   Data           4  system_mkl05z4.o(.data.SystemCoreClock)
    __libspace_start                         0x1ffffc48   Data          96  libspace.o(.bss)
    S1_press                                 0x1ffffca8   Data           1  main.o(.bss.S1_press)
    __temporary_stack_top$libspace           0x1ffffca8   Data           0  libspace.o(.bss)
    distance                                 0x1ffffcac   Data           4  main.o(.bss.distance)
    dummy                                    0x1ffffcb0   Data           1  i2c.o(.bss.dummy)
    echo_end                                 0x1ffffcb4   Data           4  main.o(.bss.echo_end)
    echo_start                               0x1ffffcb8   Data           4  main.o(.bss.echo_start)



==============================================================================

Memory Map of the image

  Image Entry point : 0x000000c1

  Load Region LR_IROM1 (Base: 0x00000000, Size: 0x00002f18, Max: 0x00008000, ABSOLUTE)

    Execution Region ER_IROM1 (Exec base: 0x00000000, Load base: 0x00000000, Size: 0x00002ed0, Max: 0x00008000, ABSOLUTE)

    Exec Addr    Load Addr    Size         Type   Attr      Idx    E Section Name        Object

    0x00000000   0x00000000   0x000000c0   Data   RO           67    RESET               startup_mkl05z4.o
    0x000000c0   0x000000c0   0x00000008   Code   RO          126  * !!!main             c_p.l(__main.o)
    0x000000c8   0x000000c8   0x00000054   Code   RO          396    !!!scatter          c_p.l(__scatter.o)
    0x0000011c   0x0000011c   0x0000001a   Code   RO          400    !!handler_copy      c_p.l(__scatter_copy.o)
    0x00000136   0x00000136   0x00000002   PAD
    0x00000138   0x00000138   0x00000002   Code   RO          397    !!handler_null      c_p.l(__scatter.o)
    0x0000013a   0x0000013a   0x00000002   PAD
    0x0000013c   0x0000013c   0x0000001c   Code   RO          402    !!handler_zi        c_p.l(__scatter_zi.o)
    0x00000158   0x00000158   0x00000002   Code   RO          115    .ARM.Collect$$_printf_percent$$00000000  c_p.l(_printf_percent.o)
    0x0000015a   0x0000015a   0x0000000a   Code   RO          114    .ARM.Collect$$_printf_percent$$00000003  c_p.l(_printf_f.o)
    0x00000164   0x00000164   0x00000004   Code   RO          175    .ARM.Collect$$_printf_percent$$00000017  c_p.l(_printf_percent_end.o)
    0x00000168   0x00000168   0x00000002   Code   RO          252    .ARM.Collect$$libinit$$00000000  c_p.l(libinit.o)
    0x0000016a   0x0000016a   0x00000000   Code   RO          254    .ARM.Collect$$libinit$$00000002  c_p.l(libinit2.o)
    0x0000016a   0x0000016a   0x00000000   Code   RO          256    .ARM.Collect$$libinit$$00000004  c_p.l(libinit2.o)
    0x0000016a   0x0000016a   0x00000000   Code   RO          258    .ARM.Collect$$libinit$$00000006  c_p.l(libinit2.o)
    0x0000016a   0x0000016a   0x00000000   Code   RO          261    .ARM.Collect$$libinit$$0000000C  c_p.l(libinit2.o)
    0x0000016a   0x0000016a   0x00000000   Code   RO          263    .ARM.Collect$$libinit$$0000000E  c_p.l(libinit2.o)
    0x0000016a   0x0000016a   0x00000000   Code   RO          265    .ARM.Collect$$libinit$$00000010  c_p.l(libinit2.o)
    0x0000016a   0x0000016a   0x00000006   Code   RO          266    .ARM.Collect$$libinit$$00000011  c_p.l(libinit2.o)
    0x00000170   0x00000170   0x00000000   Code   RO          268    .ARM.Collect$$libinit$$00000013  c_p.l(libinit2.o)
    0x00000170   0x00000170   0x00000000   Code   RO          270    .ARM.Collect$$libinit$$00000015  c_p.l(libinit2.o)
    0x00000170   0x00000170   0x00000000   Code   RO          272    .ARM.Collect$$libinit$$00000017  c_p.l(libinit2.o)
    0x00000170   0x00000170   0x0000000a   Code   RO          273    .ARM.Collect$$libinit$$00000018  c_p.l(libinit2.o)
    0x0000017a   0x0000017a   0x00000000   Code   RO          274    .ARM.Collect$$libinit$$00000019  c_p.l(libinit2.o)
    0x0000017a   0x0000017a   0x00000000   Code   RO          276    .ARM.Collect$$libinit$$0000001B  c_p.l(libinit2.o)
    0x0000017a   0x0000017a   0x00000000   Code   RO          278    .ARM.Collect$$libinit$$0000001D  c_p.l(libinit2.o)
    0x0000017a   0x0000017a   0x00000000   Code   RO          280    .ARM.Collect$$libinit$$0000001F  c_p.l(libinit2.o)
    0x0000017a   0x0000017a   0x00000000   Code   RO          282    .ARM.Collect$$libinit$$00000021  c_p.l(libinit2.o)
    0x0000017a   0x0000017a   0x00000000   Code   RO          284    .ARM.Collect$$libinit$$00000023  c_p.l(libinit2.o)
    0x0000017a   0x0000017a   0x00000000   Code   RO          286    .ARM.Collect$$libinit$$00000025  c_p.l(libinit2.o)
    0x0000017a   0x0000017a   0x00000000   Code   RO          288    .ARM.Collect$$libinit$$00000027  c_p.l(libinit2.o)
    0x0000017a   0x0000017a   0x00000000   Code   RO          292    .ARM.Collect$$libinit$$0000002E  c_p.l(libinit2.o)
    0x0000017a   0x0000017a   0x00000000   Code   RO          294    .ARM.Collect$$libinit$$00000030  c_p.l(libinit2.o)
    0x0000017a   0x0000017a   0x00000000   Code   RO          296    .ARM.Collect$$libinit$$00000032  c_p.l(libinit2.o)
    0x0000017a   0x0000017a   0x00000000   Code   RO          298    .ARM.Collect$$libinit$$00000034  c_p.l(libinit2.o)
    0x0000017a   0x0000017a   0x00000002   Code   RO          299    .ARM.Collect$$libinit$$00000035  c_p.l(libinit2.o)
    0x0000017c   0x0000017c   0x00000002   Code   RO          361    .ARM.Collect$$libshutdown$$00000000  c_p.l(libshutdown.o)
    0x0000017e   0x0000017e   0x00000000   Code   RO          379    .ARM.Collect$$libshutdown$$00000002  c_p.l(libshutdown2.o)
    0x0000017e   0x0000017e   0x00000000   Code   RO          381    .ARM.Collect$$libshutdown$$00000004  c_p.l(libshutdown2.o)
    0x0000017e   0x0000017e   0x00000000   Code   RO          384    .ARM.Collect$$libshutdown$$00000007  c_p.l(libshutdown2.o)
    0x0000017e   0x0000017e   0x00000000   Code   RO          387    .ARM.Collect$$libshutdown$$0000000A  c_p.l(libshutdown2.o)
    0x0000017e   0x0000017e   0x00000000   Code   RO          389    .ARM.Collect$$libshutdown$$0000000C  c_p.l(libshutdown2.o)
    0x0000017e   0x0000017e   0x00000000   Code   RO          392    .ARM.Collect$$libshutdown$$0000000F  c_p.l(libshutdown2.o)
    0x0000017e   0x0000017e   0x00000002   Code   RO          393    .ARM.Collect$$libshutdown$$00000010  c_p.l(libshutdown2.o)
    0x00000180   0x00000180   0x00000000   Code   RO          162    .ARM.Collect$$rtentry$$00000000  c_p.l(__rtentry.o)
    0x00000180   0x00000180   0x00000000   Code   RO          184    .ARM.Collect$$rtentry$$00000002  c_p.l(__rtentry2.o)
    0x00000180   0x00000180   0x00000006   Code   RO          196    .ARM.Collect$$rtentry$$00000004  c_p.l(__rtentry4.o)
    0x00000186   0x00000186   0x00000000   Code   RO          186    .ARM.Collect$$rtentry$$00000009  c_p.l(__rtentry2.o)
    0x00000186   0x00000186   0x00000004   Code   RO          187    .ARM.Collect$$rtentry$$0000000A  c_p.l(__rtentry2.o)
    0x0000018a   0x0000018a   0x00000000   Code   RO          189    .ARM.Collect$$rtentry$$0000000C  c_p.l(__rtentry2.o)
    0x0000018a   0x0000018a   0x00000008   Code   RO          190    .ARM.Collect$$rtentry$$0000000D  c_p.l(__rtentry2.o)
    0x00000192   0x00000192   0x00000002   Code   RO          305    .ARM.Collect$$rtexit$$00000000  c_p.l(rtexit.o)
    0x00000194   0x00000194   0x00000000   Code   RO          326    .ARM.Collect$$rtexit$$00000002  c_p.l(rtexit2.o)
    0x00000194   0x00000194   0x00000004   Code   RO          327    .ARM.Collect$$rtexit$$00000003  c_p.l(rtexit2.o)
    0x00000198   0x00000198   0x00000006   Code   RO          328    .ARM.Collect$$rtexit$$00000004  c_p.l(rtexit2.o)
    0x0000019e   0x0000019e   0x00000002   PAD
    0x000001a0   0x000001a0   0x00000040   Code   RO           51    .text               leds.o
    0x000001e0   0x000001e0   0x00000094   Code   RO           58    .text               klaw.o
    0x00000274   0x00000274   0x00000034   Code   RO           69    .text               startup_mkl05z4.o
    0x000002a8   0x000002a8   0x000000f8   Code   RO           77    .text               system_mkl05z4.o
    0x000003a0   0x000003a0   0x00000028   Code   RO           90    .text               c_p.l(noretval__2sprintf.o)
    0x000003c8   0x000003c8   0x00000006   Code   RO          124    .text               c_p.l(heapauxi.o)
    0x000003ce   0x000003ce   0x0000000a   Code   RO          173    .text               c_p.l(_sputc.o)
    0x000003d8   0x000003d8   0x00000008   Code   RO          203    .text               c_p.l(rt_locale_intlibspace.o)
    0x000003e0   0x000003e0   0x00000008   Code   RO          231    .text               c_p.l(libspace.o)
    0x000003e8   0x000003e8   0x00000010   Code   RO          239    .text               c_p.l(exit.o)
    0x000003f8   0x000003f8   0x00000002   Code   RO          348    .text               c_p.l(use_no_semi.o)
    0x000003fa   0x000003fa   0x00000000   Code   RO          350    .text               c_p.l(indicate_semi.o)
    0x000003fa   0x000003fa   0x00000000   Code   RO          182    x$fpl$usenofp       fz_ps.l(usenofp.o)
    0x000003fa   0x000003fa   0x00000006   PAD
    0x00000400   0x00000400   0x00000010   Code   RO           68    .ARM.__at_0x400     startup_mkl05z4.o
    0x00000410   0x00000410   0x00000890   Code   RO            1    .text               i2c.o
    0x00000ca0   0x00000ca0   0x000005b4   Code   RO           12    .text               lcd1602.o
    0x00001254   0x00001254   0x00000440   Code   RO           31    .text               main.o
    0x00001694   0x00001694   0x0000010e   Code   RO          102    .text               c_p.l(__printf_wp.o)
    0x000017a2   0x000017a2   0x00000002   PAD
    0x000017a4   0x000017a4   0x000001f8   Code   RO          116    .text               c_p.l(aeabi_sdivfast.o)
    0x0000199c   0x0000199c   0x0000007c   Code   RO          128    .text               fz_ps.l(d2f.o)
    0x00001a18   0x00001a18   0x00000248   Code   RO          130    .text               fz_ps.l(dmul.o)
    0x00001c60   0x00001c60   0x00000054   Code   RO          132    .text               fz_ps.l(f2d.o)
    0x00001cb4   0x00001cb4   0x0000005e   Code   RO          158    .text               fz_ps.l(fflti.o)
    0x00001d12   0x00001d12   0x00000002   PAD
    0x00001d14   0x00001d14   0x00000414   Code   RO          167    .text               c_p.l(_printf_fp_dec.o)
    0x00002128   0x00002128   0x00000030   Code   RO          171    .text               c_p.l(_printf_char_common.o)
    0x00002158   0x00002158   0x0000007a   Code   RO          205    .text               c_p.l(lludiv10.o)
    0x000021d2   0x000021d2   0x00000002   PAD
    0x000021d4   0x000021d4   0x00000088   Code   RO          207    .text               c_p.l(_printf_fp_infnan.o)
    0x0000225c   0x0000225c   0x000000d8   Code   RO          211    .text               c_p.l(bigflt0.o)
    0x00002334   0x00002334   0x00000580   Code   RO          214    .text               c_p.l(btod.o)
    0x000028b4   0x000028b4   0x00000028   Code   RO          223    .text               c_p.l(rtudiv10.o)
    0x000028dc   0x000028dc   0x00000064   Code   RO          225    .text               fz_ps.l(fcmpin.o)
    0x00002940   0x00002940   0x0000003e   Code   RO          234    .text               c_p.l(sys_stackheap_outer.o)
    0x0000297e   0x0000297e   0x00000002   PAD
    0x00002980   0x00002980   0x000000b0   Code   RO          245    .text               c_p.l(strcmpv6m.o)
    0x00002a30   0x00002a30   0x0000002e   Code   RO          300    .text               fz_ps.l(cmpret.o)
    0x00002a5e   0x00002a5e   0x00000002   PAD
    0x00002a60   0x00002a60   0x00000010   Code   RO          302    .text               fz_ps.l(fnan2.o)
    0x00002a70   0x00002a70   0x0000005e   Code   RO          319    .text               fz_ps.l(retnan.o)
    0x00002ace   0x00002ace   0x00000002   PAD
    0x00002ad0   0x00002ad0   0x0000000c   Code   RO          321    .text               c_p.l(sys_exit.o)
    0x00002adc   0x00002adc   0x000001f6   Code   RO          117    .text_divfast       c_p.l(aeabi_sdivfast.o)
    0x00002cd2   0x00002cd2   0x00000030   Code   RO          216    i.__ARM_common_ll_muluu  c_p.l(btod.o)
    0x00002d02   0x00002d02   0x00000002   PAD
    0x00002d04   0x00002d04   0x0000002c   Code   RO          229    i.__ARM_fpclassify  m_ps.l(fpclassify.o)
    0x00002d30   0x00002d30   0x0000001a   Code   RO          143    i._fleq             fz_ps.l(fcmp.o)
    0x00002d4a   0x00002d4a   0x00000016   Code   RO          144    i._fls              fz_ps.l(fcmp.o)
    0x00002d60   0x00002d60   0x0000000e   Code   RO          104    i._is_digit         c_p.l(__printf_wp.o)
    0x00002d6e   0x00002d6e   0x00000002   PAD
    0x00002d70   0x00002d70   0x0000002c   Code   RO          221    locale$$code        c_p.l(lc_numeric_c.o)
    0x00002d9c   0x00002d9c   0x00000054   Code   RO          180    x$fpl$fleqf         fz_ps.l(flef.o)
    0x00002df0   0x00002df0   0x00000010   Code   RO          160    x$fpl$printf1       fz_ps.l(printf1.o)
    0x00002e00   0x00002e00   0x00000094   Data   RO          212    .constdata          c_p.l(bigflt0.o)
    0x00002e94   0x00002e94   0x00000020   Data   RO          395    Region$$Table       anon$$obj.o
    0x00002eb4   0x00002eb4   0x0000001c   Data   RO          220    locale$$data        c_p.l(lc_numeric_c.o)


    Execution Region RW_IRAM1 (Exec base: 0x1ffffc00, Load base: 0x00002ed0, Size: 0x000003c0, Max: 0x00001000, ABSOLUTE)

    Exec Addr    Load Addr    Size         Type   Attr      Idx    E Section Name        Object

    0x1ffffc00   0x00002ed0   0x00000008   Data   RW           14    .data.PL_CH_a_      lcd1602.o
    0x1ffffc08   0x00002ed8   0x00000008   Data   RW           15    .data.PL_CH_c_      lcd1602.o
    0x1ffffc10   0x00002ee0   0x00000008   Data   RW           16    .data.PL_CH_e_      lcd1602.o
    0x1ffffc18   0x00002ee8   0x00000008   Data   RW           17    .data.PL_CH_l_      lcd1602.o
    0x1ffffc20   0x00002ef0   0x00000008   Data   RW           18    .data.PL_CH_n_      lcd1602.o
    0x1ffffc28   0x00002ef8   0x00000008   Data   RW           19    .data.PL_CH_o_      lcd1602.o
    0x1ffffc30   0x00002f00   0x00000008   Data   RW           20    .data.PL_CH_s_      lcd1602.o
    0x1ffffc38   0x00002f08   0x00000008   Data   RW           21    .data.PL_CH_z_      lcd1602.o
    0x1ffffc40   0x00002f10   0x00000004   Data   RW           79    .data.SystemCoreClock  system_mkl05z4.o
    0x1ffffc44   0x00002f14   0x00000001   Data   RW           23    .data.lcd_backlight  lcd1602.o
    0x1ffffc45   0x00002f15   0x00000003   PAD
    0x1ffffc48        -       0x00000060   Zero   RW          232    .bss                c_p.l(libspace.o)
    0x1ffffca8        -       0x00000001   Zero   RW           33    .bss.S1_press       main.o
    0x1ffffca9   0x00002f15   0x00000003   PAD
    0x1ffffcac        -       0x00000004   Zero   RW           36    .bss.distance       main.o
    0x1ffffcb0        -       0x00000001   Zero   RW            4    .bss.dummy          i2c.o
    0x1ffffcb1   0x00002f15   0x00000003   PAD
    0x1ffffcb4        -       0x00000004   Zero   RW           35    .bss.echo_end       main.o
    0x1ffffcb8        -       0x00000004   Zero   RW           34    .bss.echo_start     main.o
    0x1ffffcbc        -       0x00000001   Zero   RW            3    .bss.error          i2c.o
    0x1ffffcbd        -       0x00000001   Zero   RW           24    .bss.pcf_address    lcd1602.o
    0x1ffffcbe   0x00002f15   0x00000002   PAD
    0x1ffffcc0        -       0x00000000   Zero   RW           66    HEAP                startup_mkl05z4.o
    0x1ffffcc0        -       0x00000300   Zero   RW           65    STACK               startup_mkl05z4.o


==============================================================================

Image component sizes


      Code (inc. data)   RO Data    RW Data    ZI Data      Debug   Object Name

      2192        156          0          0          2       8102   i2c.o
       148         24          0          0          0       3347   klaw.o
      1460        118          0         65          1       6205   lcd1602.o
        64          8          0          0          0       1697   leds.o
      1088        268          0          0         13       6187   main.o
        68         38        192          0        768        832   startup_mkl05z4.o
       248         48          0          4          0       2251   system_mkl05z4.o

    ----------------------------------------------------------------------
      5268        660        224         72        792      28621   Object Totals
         0          0         32          0          0          0   (incl. Generated)
         0          0          0          3          8          0   (incl. Padding)

    ----------------------------------------------------------------------

      Code (inc. data)   RO Data    RW Data    ZI Data      Debug   Library Member Name

         8          0          0          0          0         68   __main.o
       284          0          0          0          0        136   __printf_wp.o
         0          0          0          0          0          0   __rtentry.o
        12          0          0          0          0          0   __rtentry2.o
         6          0          0          0          0          0   __rtentry4.o
        86         10          0          0          0          0   __scatter.o
        26          0          0          0          0          0   __scatter_copy.o
        28          0          0          0          0          0   __scatter_zi.o
        48          6          0          0          0         88   _printf_char_common.o
        10          0          0          0          0          0   _printf_f.o
      1044         12          0          0          0        116   _printf_fp_dec.o
       136         16          0          0          0         76   _printf_fp_infnan.o
         2          0          0          0          0          0   _printf_percent.o
         4          0          0          0          0          0   _printf_percent_end.o
        10          0          0          0          0         60   _sputc.o
      1006          4          0          0          0        184   aeabi_sdivfast.o
       216          6        148          0          0         80   bigflt0.o
      1456         30          0          0          0        336   btod.o
        16          0          0          0          0         68   exit.o
         6          0          0          0          0        136   heapauxi.o
         0          0          0          0          0          0   indicate_semi.o
        44         10         28          0          0         76   lc_numeric_c.o
         2          0          0          0          0          0   libinit.o
        18          0          0          0          0          0   libinit2.o
         2          0          0          0          0          0   libshutdown.o
         2          0          0          0          0          0   libshutdown2.o
         8          4          0          0         96         68   libspace.o
       122          0          0          0          0         72   lludiv10.o
        40          4          0          0          0         84   noretval__2sprintf.o
         8          4          0          0          0         68   rt_locale_intlibspace.o
         2          0          0          0          0          0   rtexit.o
        10          0          0          0          0          0   rtexit2.o
        40          0          0          0          0         60   rtudiv10.o
       176          4          0          0          0         80   strcmpv6m.o
        12          4          0          0          0         60   sys_exit.o
        62          0          0          0          0         80   sys_stackheap_outer.o
         2          0          0          0          0         68   use_no_semi.o
        46          0          0          0          0         60   cmpret.o
       124          4          0          0          0         72   d2f.o
       584         26          0          0          0         84   dmul.o
        84          4          0          0          0         60   f2d.o
        48          0          0          0          0        136   fcmp.o
       100          4          0          0          0         68   fcmpin.o
        94          0          0          0          0         92   fflti.o
        84          4          0          0          0         76   flef.o
        16          6          0          0          0         68   fnan2.o
        16          4          0          0          0         76   printf1.o
        94          0          0          0          0         68   retnan.o
         0          0          0          0          0          0   usenofp.o
        44          4          0          0          0         60   fpclassify.o

    ----------------------------------------------------------------------
      6316        170        176          0         96       2984   Library Totals
        28          0          0          0          0          0   (incl. Padding)

    ----------------------------------------------------------------------

      Code (inc. data)   RO Data    RW Data    ZI Data      Debug   Library Name

      4954        114        176          0         96       2064   c_p.l
      1290         52          0          0          0        860   fz_ps.l
        44          4          0          0          0         60   m_ps.l

    ----------------------------------------------------------------------
      6316        170        176          0         96       2984   Library Totals

    ----------------------------------------------------------------------

==============================================================================


      Code (inc. data)   RO Data    RW Data    ZI Data      Debug   

     11584        830        400         72        888      30105   Grand Totals
     11584        830        400         72        888      30105   ELF Image Totals
     11584        830        400         72          0          0   ROM Totals

==============================================================================

    Total RO  Size (Code + RO Data)                11984 (  11.70kB)
    Total RW  Size (RW Data + ZI Data)               960 (   0.94kB)
    Total ROM Size (Code + RO Data + RW Data)      12056 (  11.77kB)

==============================================================================

